Microchip MPLAB XC8 Compiler V2.40

Linker command line:

-W-3 \
  --edf=C:\Program Files\Microchip\xc8\v2.40\pic\dat\20220703182018_en.msgs \
  -cn -h+dist/default/debug\final-project-areeb-atulit.X.debug.sym \
  --cmf=dist/default/debug\final-project-areeb-atulit.X.debug.cmf -z \
  -Q18F67K40 -oC:\Users\areeb\AppData\Local\Temp\xcAsuu4.4 \
  --defsym=__MPLAB_BUILD=1 --fixupoverflow=error \
  -Mdist/default/debug/final-project-areeb-atulit.X.debug.map \
  --md=C:\Users\areeb\AppData\Local\Temp\xcAsuu4.dat -E1 -ver=XC8 Compiler \
  --acfsm=1493 -ACODE=00h-01FFFFh -ACONST=00h-01FFFFh \
  -ASMALLCONST=0E00h-0EFFhx498 -AMEDIUMCONST=0E00h-0FFFFh,010E00h-01FFFFh \
  -ACOMRAM=01h-05Fh -AABS1=00h-0DE9h -ABIGRAM=01h-0DE9h \
  -ARAM=060h-0FFh,0100h-01FFhx12,0D00h-0DE9h -ABANK0=060h-0FFh \
  -ABANK1=0100h-01FFh -ABANK2=0200h-02FFh -ABANK3=0300h-03FFh \
  -ABANK4=0400h-04FFh -ABANK5=0500h-05FFh -ABANK6=0600h-06FFh \
  -ABANK7=0700h-07FFh -ABANK8=0800h-08FFh -ABANK9=0900h-09FFh \
  -ABANK10=0A00h-0AFFh -ABANK11=0B00h-0BFFh -ABANK12=0C00h-0CFFh \
  -ABANK13=0D00h-0DE9h \
  -ASFR=0DEFh-0DFFh,0E00h-0EFFh,0F00h-0F5Fh,0F60h-0FFFh \
  -ABIGSFR=0DEFh-0FFFh -ACONFIG=0300000h-030000Bh -AIDLOC=0200000h-020000Fh \
  -AEEDATA=0310000h-03103FFh -peeprom_data=EEDATA \
  -preset_vec=00h,intcode=08h,intcodelo,powerup,init -pramtop=0E00h \
  -psmallconst=SMALLCONST -pmediumconst=MEDIUMCONST -pconst=CONST \
  -AFARRAM=00h-00h \
  -prdata=COMRAM,nvrram=COMRAM,nvbit=COMRAM,rbss=COMRAM,rbit=COMRAM \
  -pfarbss=FARRAM,fardata=FARRAM,nvFARRAM=FARRAM \
  -pintsave_regs=BIGRAM,bigbss=BIGRAM,bigdata=BIGRAM -pbss=RAM \
  -pidata=CODE,irdata=CODE,ibigdata=CODE,ifardata=CODE -prparam=COMRAM \
  C:\Users\areeb\AppData\Local\Temp\xcAsuu4.o \
  dist/default/debug\final-project-areeb-atulit.X.debug.o 

Object code version is 3.11

Machine type is 18F67K40



                Name                               Link     Load   Length Selector   Space Scale
C:\Users\areeb\AppData\Local\Temp\xcAsuu4.o
                idloc                            200000   200000       10        0       5
                config                           300000   300000        C        0       4
                init                                 32       32        4        4       0
                reset_vec                             0        0        6        0       0
dist/default/debug\final-project-areeb-atulit.X.debug.o
                intcode                               8        8       2A        4       0
                idloc                            200000   200000       10        0       5
                config                           300000   300000        C        0       4
                temp                                 56       56        1        1       1
                smallconst                          E00      E00       18      700       0
                text46                             2A6A     2A6A       28      70C       0
                text45                             2BB0     2BB0        A      70C       0
                text44                             2BA6     2BA6        A      70C       0
                text43                             2B7C     2B7C        C      70C       0
                text42                             2AD8     2AD8       20      70C       0
                text41                             2B12     2B12       1A      70C       0
                text40                             2A18     2A18       2A      70C       0
                text39                             2B70     2B70        C      70C       0
                text38                             2992     2992       32      70C       0
                text36                             2A42     2A42       28      70C       0
                text35                             2B9C     2B9C        A      70C       0
                text34                             2B92     2B92        A      70C       0
                text33                             2B64     2B64        C      70C       0
                text32                             2AB8     2AB8       20      70C       0
                text31                             2AF8     2AF8       1A      70C       0
                text30                             29EE     29EE       2A      70C       0
                text29                             2B42     2B42       16      70C       0
                text28                             29C4     29C4       2A      70C       0
                text27                             292C     292C       34      70C       0
                text26                             17F2     17F2      39A      70C       0
                text25                             1EAC     1EAC      152      70C       0
                text24                             1B8C     1B8C      1B4      70C       0
                text23                             28EA     28EA       42      70C       0
                text22                             2B88     2B88        A      70C       0
                text21                             2858     2858       50      70C       0
                text20                             2808     2808       50      70C       0
                text19                             27B8     27B8       50      70C       0
                text18                             2768     2768       50      70C       0
                text17                             23F6     23F6       C6      70C       0
                text16                             24BC     24BC       80      70C       0
                text15                             26FE     26FE       6A      70C       0
                text14                             2694     2694       6A      70C       0
                text13                             2110     2110      104      70C       0
                text12                             253C     253C       74      70C       0
                text11                             2A92     2A92       26      70C       0
                text10                             1D40     1D40      16C      70C       0
                text9                              230C     230C       EA      70C       0
                text8                              2960     2960       32      70C       0
                text7                              2622     2622       72      70C       0
                text6                              25B0     25B0       72      70C       0
                text5                              1356     1356      49C      70C       0
                text4                              2214     2214       F8      70C       0
                text3                               E18      E18      53E      70C       0
                text2                              2B58     2B58        C      70C       0
                text1                              2B2C     2B2C       16      70C       0
                text0                              1FFE     1FFE      112      70C       0
                cstackCOMRAM                          1        1       30        1       1
                cstackBANK0                          AF       AF       42       60       1
                dataBANK0                            F1       F1        2       60       1
                bssBANK0                             60       60       4F       60       1
                bssCOMRAM                            31       31       25        1       1
                cinit                              28A8     28A8       42      70C       0
                idataBANK0                         2BBA     2BBA        2      70C       0

TOTAL           Name                               Link     Load   Length     Space
        CLASS   CODE           
                intcode                               8        8       2A         0
                init                                 32       32        4         0
                reset_vec                             0        0        6         0
                text46                             2A6A     2A6A       28         0
                text45                             2BB0     2BB0        A         0
                text44                             2BA6     2BA6        A         0
                text43                             2B7C     2B7C        C         0
                text42                             2AD8     2AD8       20         0
                text41                             2B12     2B12       1A         0
                text40                             2A18     2A18       2A         0
                text39                             2B70     2B70        C         0
                text38                             2992     2992       32         0
                text36                             2A42     2A42       28         0
                text35                             2B9C     2B9C        A         0
                text34                             2B92     2B92        A         0
                text33                             2B64     2B64        C         0
                text32                             2AB8     2AB8       20         0
                text31                             2AF8     2AF8       1A         0
                text30                             29EE     29EE       2A         0
                text29                             2B42     2B42       16         0
                text28                             29C4     29C4       2A         0
                text27                             292C     292C       34         0
                text26                             17F2     17F2      39A         0
                text25                             1EAC     1EAC      152         0
                text24                             1B8C     1B8C      1B4         0
                text23                             28EA     28EA       42         0
                text22                             2B88     2B88        A         0
                text21                             2858     2858       50         0
                text20                             2808     2808       50         0
                text19                             27B8     27B8       50         0
                text18                             2768     2768       50         0
                text17                             23F6     23F6       C6         0
                text16                             24BC     24BC       80         0
                text15                             26FE     26FE       6A         0
                text14                             2694     2694       6A         0
                text13                             2110     2110      104         0
                text12                             253C     253C       74         0
                text11                             2A92     2A92       26         0
                text10                             1D40     1D40      16C         0
                text9                              230C     230C       EA         0
                text8                              2960     2960       32         0
                text7                              2622     2622       72         0
                text6                              25B0     25B0       72         0
                text5                              1356     1356      49C         0
                text4                              2214     2214       F8         0
                text3                               E18      E18      53E         0
                text2                              2B58     2B58        C         0
                text1                              2B2C     2B2C       16         0
                text0                              1FFE     1FFE      112         0
                cinit                              28A8     28A8       42         0
                idataBANK0                         2BBA     2BBA        2         0

        CLASS   CONST          

        CLASS   SMALLCONST     
                smallconst                          E00      E00       18         0

        CLASS   MEDIUMCONST    

        CLASS   COMRAM         
                temp                                 56       56        1         1
                cstackCOMRAM                          1        1       30         1
                bssCOMRAM                            31       31       25         1

        CLASS   ABS1           

        CLASS   BIGRAM         

        CLASS   RAM            

        CLASS   BANK0          
                cstackBANK0                          AF       AF       42         1
                dataBANK0                            F1       F1        2         1
                bssBANK0                             60       60       4F         1

        CLASS   BANK1          

        CLASS   BANK2          

        CLASS   BANK3          

        CLASS   BANK4          

        CLASS   BANK5          

        CLASS   BANK6          

        CLASS   BANK7          

        CLASS   BANK8          

        CLASS   BANK9          

        CLASS   BANK10         

        CLASS   BANK11         

        CLASS   BANK12         

        CLASS   BANK13         

        CLASS   SFR            

        CLASS   BIGSFR         

        CLASS   CONFIG         
                config                           300000   300000        C         4

        CLASS   IDLOC          
                idloc                            200000   200000       10         5

        CLASS   EEDATA         

        CLASS   FARRAM         

        CLASS   HEAP           

        CLASS   STACK          



SEGMENTS        Name                           Load    Length   Top    Selector   Space  Class

                reset_vec                      000000  000006  000006         0       0  CODE    
                cstackCOMRAM                   000001  000056  000057         1       1  COMRAM  
                intcode                        000008  00002E  000036         4       0  CODE    
                bssBANK0                       000060  000093  0000F3        60       1  BANK0   
                smallconst                     000E00  000018  000E18       700       0  SMALLCON
                text3                          000E18  001DA4  002BBC       70C       0  CODE    


UNUSED ADDRESS RANGES

        Name                Unused          Largest block    Delta
        BANK0            0000F3-0000FF                D
        BANK1            000100-0001FF              100
        BANK10           000A00-000AFF              100
        BANK11           000B00-000BFF              100
        BANK12           000C00-000CFF              100
        BANK13           000D00-000DE9               EA
        BANK2            000200-0002FF              100
        BANK3            000300-0003FF              100
        BANK4            000400-0004FF              100
        BANK5            000500-0005FF              100
        BANK6            000600-0006FF              100
        BANK7            000700-0007FF              100
        BANK8            000800-0008FF              100
        BANK9            000900-0009FF              100
        BIGRAM           000057-00005F                9
                         0000F3-000DE9              CF7
        BIGSFR           000DEF-000FFF              211
        CODE             000006-000007                2
                         000036-000DFF              DCA
                         002BBC-01FFFF            1D444
        COMRAM           000057-00005F                9
        CONST            000006-000007                2
                         000036-000DFF              DCA
                         002BBC-01FFFF            1D444
        EEDATA           310000-3103FF              400
        MEDIUMCONST      002BBC-00FFFF             D444
                         010E00-01FFFF             F200
        RAM              0000F3-000DE9              100
        SFR              000DEF-000FFF              100
        SMALLCONST       002BBC-01FFFF              100

                                  Symbol Table

?___fldiv                                   cstackCOMRAM 000009
?___lwdiv                                   cstackCOMRAM 00000F
?___wmul                                    cstackCOMRAM 000009
?___xxtofl                                  cstackCOMRAM 000014
?_color_read_Blue                           cstackCOMRAM 00000D
?_color_read_Clear                          cstackCOMRAM 00000D
?_color_read_Green                          cstackCOMRAM 00000D
?_color_read_Red                            cstackCOMRAM 00000D
Color_Interrupts_threshold@lowerThreshold   cstackCOMRAM 00000F
Color_Interrupts_threshold@upperThreshold   cstackCOMRAM 00000D
I2C_2_Master_Read@ack                       cstackCOMRAM 00000B
I2C_2_Master_Read@tmp                       cstackCOMRAM 00000C
I2C_2_Master_Write@data_byte                cstackCOMRAM 00000A
_ANSELBbits                                 (abs)        000E9A
_ANSELDbits                                 (abs)        000EA7
_BAUD4CONbits                               (abs)        000EE9
_CCP1CONbits                                (abs)        000FAB
_CCP2CONbits                                (abs)        000FA7
_CCP3CONbits                                (abs)        000F26
_CCP4CONbits                                (abs)        000F22
_CCPR1H                                     (abs)        000FAA
_CCPR2H                                     (abs)        000FA6
_CCPR3H                                     (abs)        000F25
_CCPR4H                                     (abs)        000F21
_CCPTMRS0bits                               (abs)        000FAD
_Color_Interrupts_clear                     text38       002992
_Color_Interrupts_init                      text31       002AF8
_Color_Interrupts_threshold                 text30       0029EE
_EUSART4RXbuf                               bssCOMRAM    000031
_EUSART4TXbuf                               bssBANK0     000060
_HighISR                                    intcode      000008
_I2C_2_Master_Idle                          text36       002A42
_I2C_2_Master_Init                          text28       0029C4
_I2C_2_Master_Read                          text23       0028EA
_I2C_2_Master_RepStart                      text22       002B88
_I2C_2_Master_Start                         text35       002B9C
_I2C_2_Master_Stop                          text34       002B92
_I2C_2_Master_Write                         text33       002B64
_INTCONbits                                 (abs)        000FF2
_IPR0bits                                   (abs)        000E1F
_Interrupts_init                            text29       002B42
_LATAbits                                   (abs)        000F79
_LATDbits                                   (abs)        000F7C
_LATEbits                                   (abs)        000F7D
_LATFbits                                   (abs)        000F7E
_LATGbits                                   (abs)        000F7F
_LATHbits                                   (abs)        000F80
_PIE0bits                                   (abs)        000E29
_PIE4bits                                   (abs)        000E2D
_PIR0bits                                   (abs)        000E33
_PIR4bits                                   (abs)        000E37
_RC0PPS                                     (abs)        000E62
_RC4REG                                     (abs)        000EE3
_RC4STAbits                                 (abs)        000EE7
_RC7PPS                                     (abs)        000E69
_RD5PPS                                     (abs)        000E6F
_RD6PPS                                     (abs)        000E70
_RE2PPS                                     (abs)        000E74
_RE4PPS                                     (abs)        000E76
_RG6PPS                                     (abs)        000E88
_RX4PPS                                     (abs)        000E15
_RxBufReadCnt                               bssCOMRAM    000054
_RxBufWriteCnt                              bssCOMRAM    000055
_SP4BRGH                                    (abs)        000EE6
_SP4BRGL                                    (abs)        000EE5
_SSP2ADD                                    (abs)        000ED6
_SSP2BUF                                    (abs)        000ED5
_SSP2CLKPPS                                 (abs)        000E1C
_SSP2CON1bits                               (abs)        000ED9
_SSP2CON2                                   (abs)        000EDA
_SSP2CON2bits                               (abs)        000EDA
_SSP2DATPPS                                 (abs)        000E1D
_SSP2STAT                                   (abs)        000ED8
_T0CON0bits                                 (abs)        000FD5
_T0CON1bits                                 (abs)        000FD6
_T2CLKCONbits                               (abs)        000FBF
_T2CONbits                                  (abs)        000FBD
_T2HLTbits                                  (abs)        000FBE
_T2PR                                       (abs)        000FBC
_TMR0H                                      (abs)        000FD4
_TMR0L                                      (abs)        000FD3
_TRISAbits                                  (abs)        000F81
_TRISBbits                                  (abs)        000F82
_TRISCbits                                  (abs)        000F83
_TRISDbits                                  (abs)        000F84
_TRISEbits                                  (abs)        000F85
_TRISFbits                                  (abs)        000F86
_TRISGbits                                  (abs)        000F87
_TRISHbits                                  (abs)        000F88
_TX4REG                                     (abs)        000EE4
_TX4STAbits                                 (abs)        000EE8
_TxBufReadCnt                               bssCOMRAM    000052
_TxBufWriteCnt                              bssCOMRAM    000053
__HRAM                                      (abs)        000000
__Habs1                                     abs1         000000
__Hbank0                                    bank0        000000
__Hbank1                                    bank1        000000
__Hbank10                                   bank10       000000
__Hbank11                                   bank11       000000
__Hbank12                                   bank12       000000
__Hbank13                                   bank13       000000
__Hbank2                                    bank2        000000
__Hbank3                                    bank3        000000
__Hbank4                                    bank4        000000
__Hbank5                                    bank5        000000
__Hbank6                                    bank6        000000
__Hbank7                                    bank7        000000
__Hbank8                                    bank8        000000
__Hbank9                                    bank9        000000
__Hbigbss                                   bigbss       000000
__Hbigdata                                  bigdata      000000
__Hbigram                                   bigram       000000
__Hbigsfr                                   bigsfr       000000
__Hbss                                      bss          000000
__HbssBANK0                                 bssBANK0     000000
__HbssCOMRAM                                bssCOMRAM    000000
__Hcinit                                    cinit        000000
__Hclrtext                                  clrtext      000000
__Hcomram                                   comram       000000
__Hconfig                                   config       30000C
__Hconst                                    const        000000
__HcstackBANK0                              cstackBANK0  000000
__HcstackCOMRAM                             cstackCOMRAM 000000
__Hdata                                     data         000000
__HdataBANK0                                dataBANK0    000000
__Heeprom_data                              eeprom_data  000000
__Hfarbss                                   farbss       000000
__Hfardata                                  fardata      000000
__Hheap                                     heap         000000
__Hibigdata                                 ibigdata     000000
__Hidata                                    idata        000000
__HidataBANK0                               idataBANK0   000000
__Hidloc                                    idloc        200010
__Hifardata                                 ifardata     000000
__Hinit                                     init         000036
__Hintcode                                  intcode      000032
__Hintcode_body                             intcode_body 000000
__Hintcodelo                                intcodelo    000032
__Hintentry                                 intentry     000000
__Hintret                                   intret       000000
__Hintsave_regs                             intsave_regs 000000
__Hirdata                                   irdata       000000
__Hmediumconst                              mediumconst  000000
__HnvFARRAM                                 nvFARRAM     000000
__Hnvbit                                    nvbit        000000
__Hnvrram                                   nvrram       000000
__Hparam                                    rparam       000000
__Hpowerup                                  powerup      000032
__Hram                                      ram          000000
__Hramtop                                   ramtop       000E00
__Hrbit                                     rbit         000000
__Hrbss                                     rbss         000000
__Hrdata                                    rdata        000000
__Hreset_vec                                reset_vec    000006
__Hrparam                                   rparam       000000
__Hsfr                                      sfr          000000
__Hsmallconst                               smallconst   000E18
__Hspace_0                                  (abs)        002BBC
__Hspace_1                                  (abs)        0000F3
__Hspace_2                                  (abs)        000000
__Hspace_4                                  (abs)        60000C
__Hstack                                    stack        000000
__Hstruct                                   struct       000000
__Htemp                                     temp         000057
__Htext                                     text         000000
__Htext0                                    text0        000000
__Htext1                                    text1        000000
__Htext10                                   text10       000000
__Htext11                                   text11       000000
__Htext12                                   text12       000000
__Htext13                                   text13       000000
__Htext14                                   text14       000000
__Htext15                                   text15       000000
__Htext16                                   text16       000000
__Htext17                                   text17       000000
__Htext18                                   text18       000000
__Htext19                                   text19       000000
__Htext2                                    text2        000000
__Htext20                                   text20       000000
__Htext21                                   text21       000000
__Htext22                                   text22       000000
__Htext23                                   text23       000000
__Htext24                                   text24       000000
__Htext25                                   text25       000000
__Htext26                                   text26       000000
__Htext27                                   text27       000000
__Htext28                                   text28       000000
__Htext29                                   text29       000000
__Htext3                                    text3        000000
__Htext30                                   text30       000000
__Htext31                                   text31       000000
__Htext32                                   text32       000000
__Htext33                                   text33       000000
__Htext34                                   text34       000000
__Htext35                                   text35       000000
__Htext36                                   text36       000000
__Htext38                                   text38       000000
__Htext39                                   text39       000000
__Htext4                                    text4        000000
__Htext40                                   text40       000000
__Htext41                                   text41       000000
__Htext42                                   text42       000000
__Htext43                                   text43       000000
__Htext44                                   text44       000000
__Htext45                                   text45       000000
__Htext46                                   text46       000000
__Htext5                                    text5        000000
__Htext6                                    text6        000000
__Htext7                                    text7        000000
__Htext8                                    text8        000000
__Htext9                                    text9        000000
__LRAM                                      (abs)        000001
__Labs1                                     abs1         000000
__Lbank0                                    bank0        000000
__Lbank1                                    bank1        000000
__Lbank10                                   bank10       000000
__Lbank11                                   bank11       000000
__Lbank12                                   bank12       000000
__Lbank13                                   bank13       000000
__Lbank2                                    bank2        000000
__Lbank3                                    bank3        000000
__Lbank4                                    bank4        000000
__Lbank5                                    bank5        000000
__Lbank6                                    bank6        000000
__Lbank7                                    bank7        000000
__Lbank8                                    bank8        000000
__Lbank9                                    bank9        000000
__Lbigbss                                   bigbss       000000
__Lbigdata                                  bigdata      000000
__Lbigram                                   bigram       000000
__Lbigsfr                                   bigsfr       000000
__Lbss                                      bss          000000
__LbssBANK0                                 bssBANK0     000000
__LbssCOMRAM                                bssCOMRAM    000000
__Lcinit                                    cinit        000000
__Lclrtext                                  clrtext      000000
__Lcomram                                   comram       000000
__Lconfig                                   config       000000
__Lconst                                    const        000000
__LcstackBANK0                              cstackBANK0  000000
__LcstackCOMRAM                             cstackCOMRAM 000000
__Ldata                                     data         000000
__LdataBANK0                                dataBANK0    000000
__Leeprom_data                              eeprom_data  000000
__Lfarbss                                   farbss       000000
__Lfardata                                  fardata      000000
__Lheap                                     heap         000000
__Libigdata                                 ibigdata     000000
__Lidata                                    idata        000000
__LidataBANK0                               idataBANK0   000000
__Lidloc                                    idloc        000000
__Lifardata                                 ifardata     000000
__Linit                                     init         000032
__Lintcode                                  intcode      000008
__Lintcode_body                             intcode_body 000000
__Lintcodelo                                intcodelo    000032
__Lintentry                                 intentry     000000
__Lintret                                   intret       000000
__Lintsave_regs                             intsave_regs 000000
__Lirdata                                   irdata       000000
__Lmediumconst                              mediumconst  000000
__LnvFARRAM                                 nvFARRAM     000000
__Lnvbit                                    nvbit        000000
__Lnvrram                                   nvrram       000000
__Lparam                                    rparam       000000
__Lpowerup                                  powerup      000032
__Lram                                      ram          000000
__Lramtop                                   ramtop       000E00
__Lrbit                                     rbit         000000
__Lrbss                                     rbss         000000
__Lrdata                                    rdata        000000
__Lreset_vec                                reset_vec    000000
__Lrparam                                   rparam       000000
__Lsfr                                      sfr          000000
__Lsmallconst                               smallconst   000E00
__Lspace_0                                  (abs)        000000
__Lspace_1                                  (abs)        000000
__Lspace_2                                  (abs)        000000
__Lspace_4                                  (abs)        000000
__Lstack                                    stack        000000
__Lstruct                                   struct       000000
__Ltemp                                     temp         000056
__Ltext                                     text         000000
__Ltext0                                    text0        000000
__Ltext1                                    text1        000000
__Ltext10                                   text10       000000
__Ltext11                                   text11       000000
__Ltext12                                   text12       000000
__Ltext13                                   text13       000000
__Ltext14                                   text14       000000
__Ltext15                                   text15       000000
__Ltext16                                   text16       000000
__Ltext17                                   text17       000000
__Ltext18                                   text18       000000
__Ltext19                                   text19       000000
__Ltext2                                    text2        000000
__Ltext20                                   text20       000000
__Ltext21                                   text21       000000
__Ltext22                                   text22       000000
__Ltext23                                   text23       000000
__Ltext24                                   text24       000000
__Ltext25                                   text25       000000
__Ltext26                                   text26       000000
__Ltext27                                   text27       000000
__Ltext28                                   text28       000000
__Ltext29                                   text29       000000
__Ltext3                                    text3        000000
__Ltext30                                   text30       000000
__Ltext31                                   text31       000000
__Ltext32                                   text32       000000
__Ltext33                                   text33       000000
__Ltext34                                   text34       000000
__Ltext35                                   text35       000000
__Ltext36                                   text36       000000
__Ltext38                                   text38       000000
__Ltext39                                   text39       000000
__Ltext4                                    text4        000000
__Ltext40                                   text40       000000
__Ltext41                                   text41       000000
__Ltext42                                   text42       000000
__Ltext43                                   text43       000000
__Ltext44                                   text44       000000
__Ltext45                                   text45       000000
__Ltext46                                   text46       000000
__Ltext5                                    text5        000000
__Ltext6                                    text6        000000
__Ltext7                                    text7        000000
__Ltext8                                    text8        000000
__Ltext9                                    text9        000000
__S0                                        (abs)        002BBC
__S1                                        (abs)        0000F3
__S4                                        (abs)        000000
__S5                                        (abs)        000000
___fldiv                                    text26       0017F2
___fldiv@a                                  cstackCOMRAM 00000D
___fldiv@aexp                               cstackCOMRAM 000021
___fldiv@b                                  cstackCOMRAM 000009
___fldiv@bexp                               cstackCOMRAM 000020
___fldiv@grs                                cstackCOMRAM 00001C
___fldiv@new_exp                            cstackCOMRAM 00001A
___fldiv@rem                                cstackCOMRAM 000015
___fldiv@sign                               cstackCOMRAM 000019
___flge                                     text13       002110
___flge@ff1                                 cstackCOMRAM 000009
___flge@ff2                                 cstackCOMRAM 00000D
___heap_hi                                  (abs)        000000
___heap_lo                                  (abs)        000000
___inthi_sp                                 stack        000000
___intlo_sp                                 stack        000000
___lwdiv                                    text12       00253C
___lwdiv@counter                            cstackCOMRAM 000013
___lwdiv@dividend                           cstackCOMRAM 00000F
___lwdiv@divisor                            cstackCOMRAM 000011
___lwdiv@quotient                           cstackCOMRAM 000014
___param_bank                               (abs)        000000
___rparam_used                              (abs)        000001
___sp                                       stack        000000
___wmul                                     text11       002A92
___wmul@multiplicand                        cstackCOMRAM 00000B
___wmul@multiplier                          cstackCOMRAM 000009
___wmul@product                             cstackCOMRAM 00000D
___xxtofl                                   text24       001B8C
___xxtofl@arg                               cstackCOMRAM 00001E
___xxtofl@exp                               cstackCOMRAM 00001D
___xxtofl@sign                              cstackCOMRAM 00001C
___xxtofl@val                               cstackCOMRAM 000014
__accesstop                                 (abs)        000060
__activetblptr                              (abs)        000001
__end_of_Color_Interrupts_clear             text38       0029C4
__end_of_Color_Interrupts_init              text31       002B12
__end_of_Color_Interrupts_threshold         text30       002A18
__end_of_HighISR                            intcode      000032
__end_of_I2C_2_Master_Idle                  text36       002A6A
__end_of_I2C_2_Master_Init                  text28       0029EE
__end_of_I2C_2_Master_Read                  text23       00292C
__end_of_I2C_2_Master_RepStart              text22       002B92
__end_of_I2C_2_Master_Start                 text35       002BA6
__end_of_I2C_2_Master_Stop                  text34       002B9C
__end_of_I2C_2_Master_Write                 text33       002B70
__end_of_Interrupts_init                    text29       002B58
__end_of___fldiv                            text26       001B8C
__end_of___flge                             text13       002214
__end_of___lwdiv                            text12       0025B0
__end_of___wmul                             text11       002AB8
__end_of___xxtofl                           text24       001D40
__end_of__initialization                    cinit        0028D8
__end_of_color_click_init                   text27       002960
__end_of_color_normalise                    text25       001FFE
__end_of_color_read_Blue                    text21       0028A8
__end_of_color_read_Clear                   text20       002858
__end_of_color_read_Green                   text19       002808
__end_of_color_read_RGBC                    text17       0024BC
__end_of_color_read_Red                     text18       0027B8
__end_of_color_writetoaddr                  text32       002AD8
__end_of_fullSpeedAhead                     text9        0023F6
__end_of_initDCmotorsPWM                    text16       00253C
__end_of_main                               text0        002110
__end_of_motorLinit                         text15       002768
__end_of_motorRinit                         text14       0026FE
__end_of_motor_response                     text5        0017F2
__end_of_motor_retrace                      text3        001356
__end_of_norm_stop                          text8        002992
__end_of_persistence_register               text2        002B64
__end_of_reverse                            text4        00230C
__end_of_setMotorPWM                        text10       001EAC
__end_of_tricolorLED                        text1        002B42
__end_of_turnLeft                           text7        002694
__end_of_turnRight                          text6        002622
__end_ofi2_Color_Interrupts_init            text41       002B2C
__end_ofi2_Color_Interrupts_threshold       text40       002A42
__end_ofi2_I2C_2_Master_Idle                text46       002A92
__end_ofi2_I2C_2_Master_Start               text45       002BBA
__end_ofi2_I2C_2_Master_Stop                text44       002BB0
__end_ofi2_I2C_2_Master_Write               text43       002B88
__end_ofi2_color_writetoaddr                text42       002AF8
__end_ofi2_persistence_register             text39       002B7C
__initialization                            cinit        0028A8
__mediumconst                               mediumconst  000000
__pbssBANK0                                 bssBANK0     000060
__pbssCOMRAM                                bssCOMRAM    000031
__pcinit                                    cinit        0028A8
__pcstackBANK0                              cstackBANK0  0000AF
__pcstackCOMRAM                             cstackCOMRAM 000001
__pdataBANK0                                dataBANK0    0000F1
__pidataBANK0                               idataBANK0   002BBA
__pintcode                                  intcode      000008
__psmallconst                               smallconst   000E00
__ptext0                                    text0        001FFE
__ptext1                                    text1        002B2C
__ptext10                                   text10       001D40
__ptext11                                   text11       002A92
__ptext12                                   text12       00253C
__ptext13                                   text13       002110
__ptext14                                   text14       002694
__ptext15                                   text15       0026FE
__ptext16                                   text16       0024BC
__ptext17                                   text17       0023F6
__ptext18                                   text18       002768
__ptext19                                   text19       0027B8
__ptext2                                    text2        002B58
__ptext20                                   text20       002808
__ptext21                                   text21       002858
__ptext22                                   text22       002B88
__ptext23                                   text23       0028EA
__ptext24                                   text24       001B8C
__ptext25                                   text25       001EAC
__ptext26                                   text26       0017F2
__ptext27                                   text27       00292C
__ptext28                                   text28       0029C4
__ptext29                                   text29       002B42
__ptext3                                    text3        000E18
__ptext30                                   text30       0029EE
__ptext31                                   text31       002AF8
__ptext32                                   text32       002AB8
__ptext33                                   text33       002B64
__ptext34                                   text34       002B92
__ptext35                                   text35       002B9C
__ptext36                                   text36       002A42
__ptext38                                   text38       002992
__ptext39                                   text39       002B70
__ptext4                                    text4        002214
__ptext40                                   text40       002A18
__ptext41                                   text41       002B12
__ptext42                                   text42       002AD8
__ptext43                                   text43       002B7C
__ptext44                                   text44       002BA6
__ptext45                                   text45       002BB0
__ptext46                                   text46       002A6A
__ptext5                                    text5        001356
__ptext6                                    text6        0025B0
__ptext7                                    text7        002622
__ptext8                                    text8        002960
__ptext9                                    text9        00230C
__ramtop                                    ramtop       000E00
__smallconst                                smallconst   000E00
_amb_blue                                   bssCOMRAM    000047
_amb_clear                                  bssCOMRAM    000045
_amb_green                                  bssCOMRAM    000049
_amb_red                                    bssCOMRAM    00004B
_buggy_path                                 bssBANK0     0000A0
_color_click_init                           text27       00292C
_color_normalise                            text25       001EAC
_color_read_Blue                            text21       002858
_color_read_Clear                           text20       002808
_color_read_Green                           text19       0027B8
_color_read_RGBC                            text17       0023F6
_color_read_Red                             text18       002768
_color_writetoaddr                          text32       002AB8
_ctr                                        bssCOMRAM    00004D
_fullSpeedAhead                             text9        00230C
_initDCmotorsPWM                            text16       0024BC
_interrupt_ctr                              bssCOMRAM    00004F
_interrupt_flag                             bssBANK0     00009E
_lowerThreshold                             bssBANK0     00009C
_main                                       text0        001FFE
_motorLinit                                 text15       0026FE
_motorRinit                                 text14       002694
_motor_response                             text5        001356
_motor_retrace                              text3        000E18
_motor_return                               bssCOMRAM    000051
_norm_stop                                  text8        002960
_persistence_register                       text2        002B58
_reverse                                    text4        002214
_setMotorPWM                                text10       001D40
_tricolorLED                                text1        002B2C
_turnLeft                                   text7        002622
_turnRight                                  text6        0025B0
_upperThreshold                             dataBANK0    0000F1
btemp                                       temp         000056
color_normalise@RGBC                        cstackCOMRAM 000022
color_read_Blue@tmp                         cstackCOMRAM 000012
color_read_Clear@tmp                        cstackCOMRAM 000012
color_read_Green@tmp                        cstackCOMRAM 000012
color_read_RGBC@temp                        cstackCOMRAM 000022
color_read_Red@tmp                          cstackCOMRAM 000012
color_writetoaddr@address                   cstackCOMRAM 00000C
color_writetoaddr@value                     cstackCOMRAM 00000B
end_of_initialization                       cinit        0028D8
fullSpeedAhead@mL                           cstackCOMRAM 00001C
fullSpeedAhead@mR                           cstackCOMRAM 00001E
i2Color_Interrupts_threshold@lowerThreshold cstackCOMRAM 000007
i2Color_Interrupts_threshold@upperThreshold cstackCOMRAM 000005
i2I2C_2_Master_Write@data_byte              cstackCOMRAM 000002
i2_Color_Interrupts_init                    text41       002B12
i2_Color_Interrupts_threshold               text40       002A18
i2_I2C_2_Master_Idle                        text46       002A6A
i2_I2C_2_Master_Start                       text45       002BB0
i2_I2C_2_Master_Stop                        text44       002BA6
i2_I2C_2_Master_Write                       text43       002B7C
i2_color_writetoaddr                        text42       002AD8
i2_persistence_register                     text39       002B70
i2color_writetoaddr@address                 cstackCOMRAM 000004
i2color_writetoaddr@value                   cstackCOMRAM 000003
initDCmotorsPWM@PWMperiod                   cstackCOMRAM 000009
int$flags                                   temp         000056
intlevel0                                   text         000000
intlevel1                                   text         000000
intlevel2                                   text         000000
intlevel3                                   text         000000
isa$std                                     (abs)        000001
isa$xinst                                   (abs)        000000
main@RGBC                                   cstackBANK0  0000BF
main@mL                                     cstackBANK0  0000DF
main@mR                                     cstackBANK0  0000E8
motorLinit@mL                               cstackCOMRAM 000009
motorRinit@mR                               cstackCOMRAM 000009
motor_response@j                            cstackCOMRAM 000029
motor_response@j_502                        cstackCOMRAM 00002B
motor_response@j_503                        cstackCOMRAM 00002D
motor_response@j_504                        cstackCOMRAM 00002F
motor_response@mL                           cstackCOMRAM 000023
motor_response@mR                           cstackCOMRAM 000025
motor_response@temp                         cstackCOMRAM 000021
motor_retrace@buggy_path                    cstackCOMRAM 000021
motor_retrace@j                             cstackBANK0  0000AF
motor_retrace@j_510                         cstackBANK0  0000B1
motor_retrace@j_511                         cstackBANK0  0000B3
motor_retrace@j_512                         cstackBANK0  0000B5
motor_retrace@j_513                         cstackBANK0  0000B7
motor_retrace@j_514                         cstackBANK0  0000B9
motor_retrace@j_515                         cstackBANK0  0000BB
motor_retrace@mL                            cstackCOMRAM 000023
motor_retrace@mR                            cstackCOMRAM 000025
norm_stop@mL                                cstackCOMRAM 00001C
norm_stop@mR                                cstackCOMRAM 00001E
reverse@mL                                  cstackCOMRAM 00001C
reverse@mR                                  cstackCOMRAM 00001E
setMotorPWM@m                               cstackCOMRAM 000016
setMotorPWM@negDuty                         cstackCOMRAM 00001B
setMotorPWM@posDuty                         cstackCOMRAM 00001A
stackhi                                     (abs)        000000
stacklo                                     (abs)        000000
start                                       init         000032
start_initialization                        cinit        0028A8
ttemp5                                      temp         000057
ttemp6                                      temp         00005A
ttemp7                                      temp         00005E
turnLeft@mL                                 cstackCOMRAM 00001C
turnLeft@mR                                 cstackCOMRAM 00001E
turnRight@mL                                cstackCOMRAM 00001C
turnRight@mR                                cstackCOMRAM 00001E
wtemp8                                      temp         000057


MODULE INFORMATION

Module		Function		Class		Link	Load	Size
C:\Program Files\Microchip\xc8\v2.40\pic\sources\c99\common\sprcdiv.c
		___fldiv       		CODE           	17F2	0000	922

C:\Program Files\Microchip\xc8\v2.40\pic\sources\c99\common\sprcdiv.c estimated size: 922

C:\Program Files\Microchip\xc8\v2.40\pic\sources\c99\common\lwdiv.c
		___lwdiv       		CODE           	253C	0000	116

C:\Program Files\Microchip\xc8\v2.40\pic\sources\c99\common\lwdiv.c estimated size: 116

color.c
		_motor_retrace 		CODE           	0E18	0000	1342
		_motor_response		CODE           	1356	0000	1180
		_color_writetoaddr		CODE           	2AB8	0000	32
		_color_normalise		CODE           	1EAC	0000	338
		_color_click_init		CODE           	292C	0000	52
		_tricolorLED   		CODE           	2B2C	0000	22
		_color_read_Green		CODE           	27B8	0000	80
		_color_read_Clear		CODE           	2808	0000	80
		_color_read_Red		CODE           	2768	0000	80
		_color_read_RGBC		CODE           	23F6	0000	198
		_color_read_Blue		CODE           	2858	0000	80

color.c estimated size: 3484

C:\Program Files\Microchip\xc8\v2.40\pic\sources\c99\common\Umul16.c
		___wmul        		CODE           	2A92	0000	38

C:\Program Files\Microchip\xc8\v2.40\pic\sources\c99\common\Umul16.c estimated size: 38

interrupts.c
		_Color_Interrupts_init		CODE           	2AF8	0000	26
		_Color_Interrupts_threshold		CODE           	29EE	0000	42
		_Color_Interrupts_clear		CODE           	2992	0000	50
		_persistence_register		CODE           	2B58	0000	12
		_Interrupts_init		CODE           	2B42	0000	22
		_HighISR       		CODE           	0008	0000	42

interrupts.c estimated size: 194

dc_motor.c
		_fullSpeedAhead		CODE           	230C	0000	234
		_motorLinit    		CODE           	26FE	0000	106
		_turnLeft      		CODE           	2622	0000	114
		_motorRinit    		CODE           	2694	0000	106
		_initDCmotorsPWM		CODE           	24BC	0000	128
		_turnRight     		CODE           	25B0	0000	114
		_setMotorPWM   		CODE           	1D40	0000	364
		_norm_stop     		CODE           	2960	0000	50
		_reverse       		CODE           	2214	0000	248

dc_motor.c estimated size: 1464

i2c.c
		_I2C_2_Master_Start		CODE           	2B9C	0000	10
		_I2C_2_Master_Read		CODE           	28EA	0000	66
		_I2C_2_Master_Idle		CODE           	2A42	0000	40
		_I2C_2_Master_Init		CODE           	29C4	0000	42
		_I2C_2_Master_Stop		CODE           	2B92	0000	10
		_I2C_2_Master_RepStart		CODE           	2B88	0000	10
		_I2C_2_Master_Write		CODE           	2B64	0000	12

i2c.c estimated size: 190

C:\Program Files\Microchip\xc8\v2.40\pic\sources\c99\common\xxtofl.c
		___xxtofl      		CODE           	1B8C	0000	436

C:\Program Files\Microchip\xc8\v2.40\pic\sources\c99\common\xxtofl.c estimated size: 436

shared
		i2_I2C_2_Master_Stop		CODE           	2BA6	0000	10
		i2_Color_Interrupts_init		CODE           	2B12	0000	26
		i2_I2C_2_Master_Idle		CODE           	2A6A	0000	40
		__initialization		CODE           	28A8	0000	48
		i2_persistence_register		CODE           	2B70	0000	12
		i2_I2C_2_Master_Write		CODE           	2B7C	0000	12
		i2_color_writetoaddr		CODE           	2AD8	0000	32
		i2_I2C_2_Master_Start		CODE           	2BB0	0000	10
		i2_Color_Interrupts_threshold		CODE           	2A18	0000	42

shared estimated size: 232

C:\Program Files\Microchip\xc8\v2.40\pic\sources\c99\common\flge.c
		___flge        		CODE           	2110	0000	260

C:\Program Files\Microchip\xc8\v2.40\pic\sources\c99\common\flge.c estimated size: 260

main.c
		_main          		CODE           	1FFE	0000	274

main.c estimated size: 274

