Microchip MPLAB XC8 Compiler V2.40

Linker command line:

-W-3 \
  --edf=C:\Program Files\Microchip\xc8\v2.40\pic\dat\20220703182018_en.msgs \
  -cn \
  -h+dist/default/production\final-project-areeb-atulit.X.production.sym \
  --cmf=dist/default/production\final-project-areeb-atulit.X.production.cmf \
  -z -Q18F67K40 -oC:\Users\areeb\AppData\Local\Temp\xcAs5t4.4 \
  --defsym=__MPLAB_BUILD=1 --fixupoverflow=error \
  -Mdist/default/production/final-project-areeb-atulit.X.production.map \
  --md=C:\Users\areeb\AppData\Local\Temp\xcAs5t4.dat -E1 -ver=XC8 Compiler \
  --acfsm=1493 -ACODE=00h-01FFFFh -ACONST=00h-01FFFFh \
  -ASMALLCONST=0E00h-0EFFhx498 -AMEDIUMCONST=0E00h-0FFFFh,010E00h-01FFFFh \
  -ACOMRAM=01h-05Fh -AABS1=00h-0DE9h -ABIGRAM=01h-0DE9h \
  -ARAM=060h-0FFh,0100h-01FFhx12,0D00h-0DE9h -ABANK0=060h-0FFh \
  -ABANK1=0100h-01FFh -ABANK2=0200h-02FFh -ABANK3=0300h-03FFh \
  -ABANK4=0400h-04FFh -ABANK5=0500h-05FFh -ABANK6=0600h-06FFh \
  -ABANK7=0700h-07FFh -ABANK8=0800h-08FFh -ABANK9=0900h-09FFh \
  -ABANK10=0A00h-0AFFh -ABANK11=0B00h-0BFFh -ABANK12=0C00h-0CFFh \
  -ABANK13=0D00h-0DE9h \
  -ASFR=0DEFh-0DFFh,0E00h-0EFFh,0F00h-0F5Fh,0F60h-0FFFh \
  -ABIGSFR=0DEFh-0FFFh -ACONFIG=0300000h-030000Bh -AIDLOC=0200000h-020000Fh \
  -AEEDATA=0310000h-03103FFh -peeprom_data=EEDATA \
  -preset_vec=00h,intcode=08h,intcodelo,powerup,init -pramtop=0E00h \
  -psmallconst=SMALLCONST -pmediumconst=MEDIUMCONST -pconst=CONST \
  -AFARRAM=00h-00h \
  -prdata=COMRAM,nvrram=COMRAM,nvbit=COMRAM,rbss=COMRAM,rbit=COMRAM \
  -pfarbss=FARRAM,fardata=FARRAM,nvFARRAM=FARRAM \
  -pintsave_regs=BIGRAM,bigbss=BIGRAM,bigdata=BIGRAM -pbss=RAM \
  -pidata=CODE,irdata=CODE,ibigdata=CODE,ifardata=CODE -prparam=COMRAM \
  C:\Users\areeb\AppData\Local\Temp\xcAs5t4.o \
  dist/default/production\final-project-areeb-atulit.X.production.o 

Object code version is 3.11

Machine type is 18F67K40



                Name                               Link     Load   Length Selector   Space Scale
C:\Users\areeb\AppData\Local\Temp\xcAs5t4.o
                idloc                            200000   200000       10        0       5
                config                           300000   300000        C        0       4
                init                                 36       36        4        4       0
                reset_vec                             0        0        4        0       0
dist/default/production\final-project-areeb-atulit.X.production.o
                intcode                               8        8       2E        4       0
                idloc                            200000   200000       10        0       5
                config                           300000   300000        C        0       4
                temp                                 4E       4E        1        1       1
                smallconst                          E00      E00       18      700       0
                text46                             3172     3172       28      70C       0
                text45                             32B8     32B8        A      70C       0
                text44                             32AE     32AE        A      70C       0
                text43                             3284     3284        C      70C       0
                text42                             31E0     31E0       20      70C       0
                text41                             321A     321A       1A      70C       0
                text40                             3120     3120       2A      70C       0
                text39                             3278     3278        C      70C       0
                text38                             309A     309A       32      70C       0
                text36                             314A     314A       28      70C       0
                text35                             32A4     32A4        A      70C       0
                text34                             329A     329A        A      70C       0
                text33                             326C     326C        C      70C       0
                text32                             31C0     31C0       20      70C       0
                text31                             3200     3200       1A      70C       0
                text30                             30F6     30F6       2A      70C       0
                text29                             324A     324A       16      70C       0
                text28                             30CC     30CC       2A      70C       0
                text27                             3034     3034       34      70C       0
                text26                             1D5A     1D5A      39A      70C       0
                text25                             26C6     26C6      152      70C       0
                text24                             23A6     23A6      1B4      70C       0
                text23                             2FF2     2FF2       42      70C       0
                text22                             3290     3290        A      70C       0
                text21                             2F60     2F60       50      70C       0
                text20                             2F10     2F10       50      70C       0
                text19                             2EC0     2EC0       50      70C       0
                text18                             2E70     2E70       50      70C       0
                text17                             2AFE     2AFE       C6      70C       0
                text16                             2BC4     2BC4       80      70C       0
                text15                             2E06     2E06       6A      70C       0
                text14                             2D9C     2D9C       6A      70C       0
                text13                             2818     2818      104      70C       0
                text12                             2C44     2C44       74      70C       0
                text11                             319A     319A       26      70C       0
                text10                             255A     255A      16C      70C       0
                text9                              3068     3068       32      70C       0
                text8                              291C     291C       F8      70C       0
                text7                              2D2A     2D2A       72      70C       0
                text6                              2CB8     2CB8       72      70C       0
                text5                               E18      E18      B36      70C       0
                text4                              2A14     2A14       EA      70C       0
                text3                              194E     194E      40C      70C       0
                text2                              3260     3260        C      70C       0
                text1                              3234     3234       16      70C       0
                text0                              20F4     20F4      2B2      70C       0
                cstackCOMRAM                          1        1       2B        1       1
                cstackBANK0                          B2       B2       34       60       1
                dataBANK0                            E6       E6        2       60       1
                bssBANK0                             60       60       52       60       1
                bssCOMRAM                            2C       2C       22        1       1
                cinit                              2FB0     2FB0       42      70C       0
                idataBANK0                         32C2     32C2        2      70C       0

TOTAL           Name                               Link     Load   Length     Space
        CLASS   CODE           
                intcode                               8        8       2E         0
                init                                 36       36        4         0
                reset_vec                             0        0        4         0
                text46                             3172     3172       28         0
                text45                             32B8     32B8        A         0
                text44                             32AE     32AE        A         0
                text43                             3284     3284        C         0
                text42                             31E0     31E0       20         0
                text41                             321A     321A       1A         0
                text40                             3120     3120       2A         0
                text39                             3278     3278        C         0
                text38                             309A     309A       32         0
                text36                             314A     314A       28         0
                text35                             32A4     32A4        A         0
                text34                             329A     329A        A         0
                text33                             326C     326C        C         0
                text32                             31C0     31C0       20         0
                text31                             3200     3200       1A         0
                text30                             30F6     30F6       2A         0
                text29                             324A     324A       16         0
                text28                             30CC     30CC       2A         0
                text27                             3034     3034       34         0
                text26                             1D5A     1D5A      39A         0
                text25                             26C6     26C6      152         0
                text24                             23A6     23A6      1B4         0
                text23                             2FF2     2FF2       42         0
                text22                             3290     3290        A         0
                text21                             2F60     2F60       50         0
                text20                             2F10     2F10       50         0
                text19                             2EC0     2EC0       50         0
                text18                             2E70     2E70       50         0
                text17                             2AFE     2AFE       C6         0
                text16                             2BC4     2BC4       80         0
                text15                             2E06     2E06       6A         0
                text14                             2D9C     2D9C       6A         0
                text13                             2818     2818      104         0
                text12                             2C44     2C44       74         0
                text11                             319A     319A       26         0
                text10                             255A     255A      16C         0
                text9                              3068     3068       32         0
                text8                              291C     291C       F8         0
                text7                              2D2A     2D2A       72         0
                text6                              2CB8     2CB8       72         0
                text5                               E18      E18      B36         0
                text4                              2A14     2A14       EA         0
                text3                              194E     194E      40C         0
                text2                              3260     3260        C         0
                text1                              3234     3234       16         0
                text0                              20F4     20F4      2B2         0
                cinit                              2FB0     2FB0       42         0
                idataBANK0                         32C2     32C2        2         0

        CLASS   CONST          

        CLASS   SMALLCONST     
                smallconst                          E00      E00       18         0

        CLASS   MEDIUMCONST    

        CLASS   COMRAM         
                temp                                 4E       4E        1         1
                cstackCOMRAM                          1        1       2B         1
                bssCOMRAM                            2C       2C       22         1

        CLASS   ABS1           

        CLASS   BIGRAM         

        CLASS   RAM            

        CLASS   BANK0          
                cstackBANK0                          B2       B2       34         1
                dataBANK0                            E6       E6        2         1
                bssBANK0                             60       60       52         1

        CLASS   BANK1          

        CLASS   BANK2          

        CLASS   BANK3          

        CLASS   BANK4          

        CLASS   BANK5          

        CLASS   BANK6          

        CLASS   BANK7          

        CLASS   BANK8          

        CLASS   BANK9          

        CLASS   BANK10         

        CLASS   BANK11         

        CLASS   BANK12         

        CLASS   BANK13         

        CLASS   SFR            

        CLASS   BIGSFR         

        CLASS   CONFIG         
                config                           300000   300000        C         4

        CLASS   IDLOC          
                idloc                            200000   200000       10         5

        CLASS   EEDATA         

        CLASS   FARRAM         

        CLASS   HEAP           

        CLASS   STACK          



SEGMENTS        Name                           Load    Length   Top    Selector   Space  Class

                reset_vec                      000000  000004  000004         0       0  CODE    
                cstackCOMRAM                   000001  00004E  00004F         1       1  COMRAM  
                intcode                        000008  000032  00003A         4       0  CODE    
                bssBANK0                       000060  000088  0000E8        60       1  BANK0   
                smallconst                     000E00  000018  000E18       700       0  SMALLCON
                text5                          000E18  0024AC  0032C4       70C       0  CODE    


UNUSED ADDRESS RANGES

        Name                Unused          Largest block    Delta
        BANK0            0000E8-0000FF               18
        BANK1            000100-0001FF              100
        BANK10           000A00-000AFF              100
        BANK11           000B00-000BFF              100
        BANK12           000C00-000CFF              100
        BANK13           000D00-000DE9               EA
        BANK2            000200-0002FF              100
        BANK3            000300-0003FF              100
        BANK4            000400-0004FF              100
        BANK5            000500-0005FF              100
        BANK6            000600-0006FF              100
        BANK7            000700-0007FF              100
        BANK8            000800-0008FF              100
        BANK9            000900-0009FF              100
        BIGRAM           00004F-00005F               11
                         0000E8-000DE9              D02
        BIGSFR           000DEF-000FFF              211
        CODE             000004-000007                4
                         00003A-000DFF              DC6
                         0032C4-01FFFF            1CD3C
        COMRAM           00004F-00005F               11
        CONST            000004-000007                4
                         00003A-000DFF              DC6
                         0032C4-01FFFF            1CD3C
        EEDATA           310000-3103FF              400
        MEDIUMCONST      0032C4-00FFFF             CD3C
                         010E00-01FFFF             F200
        RAM              0000E8-000DE9              100
        SFR              000DEF-000FFF              100
        SMALLCONST       0032C4-01FFFF              100

                                  Symbol Table

?___fldiv                                   cstackCOMRAM 000009
?___lwdiv                                   cstackCOMRAM 00000F
?___wmul                                    cstackCOMRAM 000009
?___xxtofl                                  cstackCOMRAM 000014
?_color_read_Blue                           cstackCOMRAM 00000D
?_color_read_Clear                          cstackCOMRAM 00000D
?_color_read_Green                          cstackCOMRAM 00000D
?_color_read_Red                            cstackCOMRAM 00000D
Color_Interrupts_threshold@lowerThreshold   cstackCOMRAM 00000F
Color_Interrupts_threshold@upperThreshold   cstackCOMRAM 00000D
I2C_2_Master_Read@ack                       cstackCOMRAM 00000B
I2C_2_Master_Read@tmp                       cstackCOMRAM 00000C
I2C_2_Master_Write@data_byte                cstackCOMRAM 00000A
_ANSELBbits                                 (abs)        000E9A
_ANSELDbits                                 (abs)        000EA7
_BAUD4CONbits                               (abs)        000EE9
_CCP1CONbits                                (abs)        000FAB
_CCP2CONbits                                (abs)        000FA7
_CCP3CONbits                                (abs)        000F26
_CCP4CONbits                                (abs)        000F22
_CCPR1H                                     (abs)        000FAA
_CCPR2H                                     (abs)        000FA6
_CCPR3H                                     (abs)        000F25
_CCPR4H                                     (abs)        000F21
_CCPTMRS0bits                               (abs)        000FAD
_Color_Interrupts_clear                     text38       00309A
_Color_Interrupts_init                      text31       003200
_Color_Interrupts_threshold                 text30       0030F6
_EUSART4RXbuf                               bssCOMRAM    00002C
_EUSART4TXbuf                               bssBANK0     000060
_HighISR                                    intcode      000008
_I2C_2_Master_Idle                          text36       00314A
_I2C_2_Master_Init                          text28       0030CC
_I2C_2_Master_Read                          text23       002FF2
_I2C_2_Master_RepStart                      text22       003290
_I2C_2_Master_Start                         text35       0032A4
_I2C_2_Master_Stop                          text34       00329A
_I2C_2_Master_Write                         text33       00326C
_INTCONbits                                 (abs)        000FF2
_IPR0bits                                   (abs)        000E1F
_Interrupts_init                            text29       00324A
_LATAbits                                   (abs)        000F79
_LATDbits                                   (abs)        000F7C
_LATEbits                                   (abs)        000F7D
_LATFbits                                   (abs)        000F7E
_LATGbits                                   (abs)        000F7F
_LATHbits                                   (abs)        000F80
_PIE0bits                                   (abs)        000E29
_PIE4bits                                   (abs)        000E2D
_PIR0bits                                   (abs)        000E33
_PIR4bits                                   (abs)        000E37
_RC0PPS                                     (abs)        000E62
_RC4REG                                     (abs)        000EE3
_RC4STAbits                                 (abs)        000EE7
_RC7PPS                                     (abs)        000E69
_RD5PPS                                     (abs)        000E6F
_RD6PPS                                     (abs)        000E70
_RE2PPS                                     (abs)        000E74
_RE4PPS                                     (abs)        000E76
_RG6PPS                                     (abs)        000E88
_RX4PPS                                     (abs)        000E15
_RxBufReadCnt                               bssCOMRAM    00004C
_RxBufWriteCnt                              bssCOMRAM    00004D
_SP4BRGH                                    (abs)        000EE6
_SP4BRGL                                    (abs)        000EE5
_SSP2ADD                                    (abs)        000ED6
_SSP2BUF                                    (abs)        000ED5
_SSP2CLKPPS                                 (abs)        000E1C
_SSP2CON1bits                               (abs)        000ED9
_SSP2CON2                                   (abs)        000EDA
_SSP2CON2bits                               (abs)        000EDA
_SSP2DATPPS                                 (abs)        000E1D
_SSP2STAT                                   (abs)        000ED8
_T0CON0bits                                 (abs)        000FD5
_T0CON1bits                                 (abs)        000FD6
_T2CLKCONbits                               (abs)        000FBF
_T2CONbits                                  (abs)        000FBD
_T2HLTbits                                  (abs)        000FBE
_T2PR                                       (abs)        000FBC
_TMR0H                                      (abs)        000FD4
_TMR0L                                      (abs)        000FD3
_TRISAbits                                  (abs)        000F81
_TRISBbits                                  (abs)        000F82
_TRISCbits                                  (abs)        000F83
_TRISDbits                                  (abs)        000F84
_TRISEbits                                  (abs)        000F85
_TRISFbits                                  (abs)        000F86
_TRISGbits                                  (abs)        000F87
_TRISHbits                                  (abs)        000F88
_TX4REG                                     (abs)        000EE4
_TX4STAbits                                 (abs)        000EE8
_TxBufReadCnt                               bssCOMRAM    00004A
_TxBufWriteCnt                              bssCOMRAM    00004B
__HRAM                                      (abs)        000000
__Habs1                                     abs1         000000
__Hbank0                                    bank0        000000
__Hbank1                                    bank1        000000
__Hbank10                                   bank10       000000
__Hbank11                                   bank11       000000
__Hbank12                                   bank12       000000
__Hbank13                                   bank13       000000
__Hbank2                                    bank2        000000
__Hbank3                                    bank3        000000
__Hbank4                                    bank4        000000
__Hbank5                                    bank5        000000
__Hbank6                                    bank6        000000
__Hbank7                                    bank7        000000
__Hbank8                                    bank8        000000
__Hbank9                                    bank9        000000
__Hbigbss                                   bigbss       000000
__Hbigdata                                  bigdata      000000
__Hbigram                                   bigram       000000
__Hbigsfr                                   bigsfr       000000
__Hbss                                      bss          000000
__HbssBANK0                                 bssBANK0     000000
__HbssCOMRAM                                bssCOMRAM    000000
__Hcinit                                    cinit        000000
__Hclrtext                                  clrtext      000000
__Hcomram                                   comram       000000
__Hconfig                                   config       30000C
__Hconst                                    const        000000
__HcstackBANK0                              cstackBANK0  000000
__HcstackCOMRAM                             cstackCOMRAM 000000
__Hdata                                     data         000000
__HdataBANK0                                dataBANK0    000000
__Heeprom_data                              eeprom_data  000000
__Hfarbss                                   farbss       000000
__Hfardata                                  fardata      000000
__Hheap                                     heap         000000
__Hibigdata                                 ibigdata     000000
__Hidata                                    idata        000000
__HidataBANK0                               idataBANK0   000000
__Hidloc                                    idloc        200010
__Hifardata                                 ifardata     000000
__Hinit                                     init         00003A
__Hintcode                                  intcode      000036
__Hintcode_body                             intcode_body 000000
__Hintcodelo                                intcodelo    000036
__Hintentry                                 intentry     000000
__Hintret                                   intret       000000
__Hintsave_regs                             intsave_regs 000000
__Hirdata                                   irdata       000000
__Hmediumconst                              mediumconst  000000
__HnvFARRAM                                 nvFARRAM     000000
__Hnvbit                                    nvbit        000000
__Hnvrram                                   nvrram       000000
__Hparam                                    rparam       000000
__Hpowerup                                  powerup      000036
__Hram                                      ram          000000
__Hramtop                                   ramtop       000E00
__Hrbit                                     rbit         000000
__Hrbss                                     rbss         000000
__Hrdata                                    rdata        000000
__Hreset_vec                                reset_vec    000004
__Hrparam                                   rparam       000000
__Hsfr                                      sfr          000000
__Hsmallconst                               smallconst   000E18
__Hspace_0                                  (abs)        0032C4
__Hspace_1                                  (abs)        0000E8
__Hspace_2                                  (abs)        000000
__Hspace_4                                  (abs)        60000C
__Hstack                                    stack        000000
__Hstruct                                   struct       000000
__Htemp                                     temp         00004F
__Htext                                     text         000000
__Htext0                                    text0        000000
__Htext1                                    text1        000000
__Htext10                                   text10       000000
__Htext11                                   text11       000000
__Htext12                                   text12       000000
__Htext13                                   text13       000000
__Htext14                                   text14       000000
__Htext15                                   text15       000000
__Htext16                                   text16       000000
__Htext17                                   text17       000000
__Htext18                                   text18       000000
__Htext19                                   text19       000000
__Htext2                                    text2        000000
__Htext20                                   text20       000000
__Htext21                                   text21       000000
__Htext22                                   text22       000000
__Htext23                                   text23       000000
__Htext24                                   text24       000000
__Htext25                                   text25       000000
__Htext26                                   text26       000000
__Htext27                                   text27       000000
__Htext28                                   text28       000000
__Htext29                                   text29       000000
__Htext3                                    text3        000000
__Htext30                                   text30       000000
__Htext31                                   text31       000000
__Htext32                                   text32       000000
__Htext33                                   text33       000000
__Htext34                                   text34       000000
__Htext35                                   text35       000000
__Htext36                                   text36       000000
__Htext38                                   text38       000000
__Htext39                                   text39       000000
__Htext4                                    text4        000000
__Htext40                                   text40       000000
__Htext41                                   text41       000000
__Htext42                                   text42       000000
__Htext43                                   text43       000000
__Htext44                                   text44       000000
__Htext45                                   text45       000000
__Htext46                                   text46       000000
__Htext5                                    text5        000000
__Htext6                                    text6        000000
__Htext7                                    text7        000000
__Htext8                                    text8        000000
__Htext9                                    text9        000000
__LRAM                                      (abs)        000001
__Labs1                                     abs1         000000
__Lbank0                                    bank0        000000
__Lbank1                                    bank1        000000
__Lbank10                                   bank10       000000
__Lbank11                                   bank11       000000
__Lbank12                                   bank12       000000
__Lbank13                                   bank13       000000
__Lbank2                                    bank2        000000
__Lbank3                                    bank3        000000
__Lbank4                                    bank4        000000
__Lbank5                                    bank5        000000
__Lbank6                                    bank6        000000
__Lbank7                                    bank7        000000
__Lbank8                                    bank8        000000
__Lbank9                                    bank9        000000
__Lbigbss                                   bigbss       000000
__Lbigdata                                  bigdata      000000
__Lbigram                                   bigram       000000
__Lbigsfr                                   bigsfr       000000
__Lbss                                      bss          000000
__LbssBANK0                                 bssBANK0     000000
__LbssCOMRAM                                bssCOMRAM    000000
__Lcinit                                    cinit        000000
__Lclrtext                                  clrtext      000000
__Lcomram                                   comram       000000
__Lconfig                                   config       000000
__Lconst                                    const        000000
__LcstackBANK0                              cstackBANK0  000000
__LcstackCOMRAM                             cstackCOMRAM 000000
__Ldata                                     data         000000
__LdataBANK0                                dataBANK0    000000
__Leeprom_data                              eeprom_data  000000
__Lfarbss                                   farbss       000000
__Lfardata                                  fardata      000000
__Lheap                                     heap         000000
__Libigdata                                 ibigdata     000000
__Lidata                                    idata        000000
__LidataBANK0                               idataBANK0   000000
__Lidloc                                    idloc        000000
__Lifardata                                 ifardata     000000
__Linit                                     init         000036
__Lintcode                                  intcode      000008
__Lintcode_body                             intcode_body 000000
__Lintcodelo                                intcodelo    000036
__Lintentry                                 intentry     000000
__Lintret                                   intret       000000
__Lintsave_regs                             intsave_regs 000000
__Lirdata                                   irdata       000000
__Lmediumconst                              mediumconst  000000
__LnvFARRAM                                 nvFARRAM     000000
__Lnvbit                                    nvbit        000000
__Lnvrram                                   nvrram       000000
__Lparam                                    rparam       000000
__Lpowerup                                  powerup      000036
__Lram                                      ram          000000
__Lramtop                                   ramtop       000E00
__Lrbit                                     rbit         000000
__Lrbss                                     rbss         000000
__Lrdata                                    rdata        000000
__Lreset_vec                                reset_vec    000000
__Lrparam                                   rparam       000000
__Lsfr                                      sfr          000000
__Lsmallconst                               smallconst   000E00
__Lspace_0                                  (abs)        000000
__Lspace_1                                  (abs)        000000
__Lspace_2                                  (abs)        000000
__Lspace_4                                  (abs)        000000
__Lstack                                    stack        000000
__Lstruct                                   struct       000000
__Ltemp                                     temp         00004E
__Ltext                                     text         000000
__Ltext0                                    text0        000000
__Ltext1                                    text1        000000
__Ltext10                                   text10       000000
__Ltext11                                   text11       000000
__Ltext12                                   text12       000000
__Ltext13                                   text13       000000
__Ltext14                                   text14       000000
__Ltext15                                   text15       000000
__Ltext16                                   text16       000000
__Ltext17                                   text17       000000
__Ltext18                                   text18       000000
__Ltext19                                   text19       000000
__Ltext2                                    text2        000000
__Ltext20                                   text20       000000
__Ltext21                                   text21       000000
__Ltext22                                   text22       000000
__Ltext23                                   text23       000000
__Ltext24                                   text24       000000
__Ltext25                                   text25       000000
__Ltext26                                   text26       000000
__Ltext27                                   text27       000000
__Ltext28                                   text28       000000
__Ltext29                                   text29       000000
__Ltext3                                    text3        000000
__Ltext30                                   text30       000000
__Ltext31                                   text31       000000
__Ltext32                                   text32       000000
__Ltext33                                   text33       000000
__Ltext34                                   text34       000000
__Ltext35                                   text35       000000
__Ltext36                                   text36       000000
__Ltext38                                   text38       000000
__Ltext39                                   text39       000000
__Ltext4                                    text4        000000
__Ltext40                                   text40       000000
__Ltext41                                   text41       000000
__Ltext42                                   text42       000000
__Ltext43                                   text43       000000
__Ltext44                                   text44       000000
__Ltext45                                   text45       000000
__Ltext46                                   text46       000000
__Ltext5                                    text5        000000
__Ltext6                                    text6        000000
__Ltext7                                    text7        000000
__Ltext8                                    text8        000000
__Ltext9                                    text9        000000
__S0                                        (abs)        0032C4
__S1                                        (abs)        0000E8
__S4                                        (abs)        000000
__S5                                        (abs)        000000
___fldiv                                    text26       001D5A
___fldiv@a                                  cstackCOMRAM 00000D
___fldiv@aexp                               cstackCOMRAM 000021
___fldiv@b                                  cstackCOMRAM 000009
___fldiv@bexp                               cstackCOMRAM 000020
___fldiv@grs                                cstackCOMRAM 00001C
___fldiv@new_exp                            cstackCOMRAM 00001A
___fldiv@rem                                cstackCOMRAM 000015
___fldiv@sign                               cstackCOMRAM 000019
___flge                                     text13       002818
___flge@ff1                                 cstackCOMRAM 000009
___flge@ff2                                 cstackCOMRAM 00000D
___heap_hi                                  (abs)        000000
___heap_lo                                  (abs)        000000
___inthi_sp                                 stack        000000
___intlo_sp                                 stack        000000
___lwdiv                                    text12       002C44
___lwdiv@counter                            cstackCOMRAM 000015
___lwdiv@dividend                           cstackCOMRAM 00000F
___lwdiv@divisor                            cstackCOMRAM 000011
___lwdiv@quotient                           cstackCOMRAM 000013
___param_bank                               (abs)        000000
___rparam_used                              (abs)        000001
___sp                                       stack        000000
___wmul                                     text11       00319A
___wmul@multiplicand                        cstackCOMRAM 00000B
___wmul@multiplier                          cstackCOMRAM 000009
___wmul@product                             cstackCOMRAM 00000D
___xxtofl                                   text24       0023A6
___xxtofl@arg                               cstackCOMRAM 00001E
___xxtofl@exp                               cstackCOMRAM 00001D
___xxtofl@sign                              cstackCOMRAM 00001C
___xxtofl@val                               cstackCOMRAM 000014
__accesstop                                 (abs)        000060
__activetblptr                              (abs)        000001
__end_of_Color_Interrupts_clear             text38       0030CC
__end_of_Color_Interrupts_init              text31       00321A
__end_of_Color_Interrupts_threshold         text30       003120
__end_of_HighISR                            intcode      000036
__end_of_I2C_2_Master_Idle                  text36       003172
__end_of_I2C_2_Master_Init                  text28       0030F6
__end_of_I2C_2_Master_Read                  text23       003034
__end_of_I2C_2_Master_RepStart              text22       00329A
__end_of_I2C_2_Master_Start                 text35       0032AE
__end_of_I2C_2_Master_Stop                  text34       0032A4
__end_of_I2C_2_Master_Write                 text33       003278
__end_of_Interrupts_init                    text29       003260
__end_of___fldiv                            text26       0020F4
__end_of___flge                             text13       00291C
__end_of___lwdiv                            text12       002CB8
__end_of___wmul                             text11       0031C0
__end_of___xxtofl                           text24       00255A
__end_of__initialization                    cinit        002FE0
__end_of_color_click_init                   text27       003068
__end_of_color_normalise                    text25       002818
__end_of_color_read_Blue                    text21       002FB0
__end_of_color_read_Clear                   text20       002F60
__end_of_color_read_Green                   text19       002F10
__end_of_color_read_RGBC                    text17       002BC4
__end_of_color_read_Red                     text18       002EC0
__end_of_color_writetoaddr                  text32       0031E0
__end_of_fullSpeedAhead                     text4        002AFE
__end_of_initDCmotorsPWM                    text16       002C44
__end_of_main                               text0        0023A6
__end_of_motorLinit                         text15       002E70
__end_of_motorRinit                         text14       002E06
__end_of_motor_response                     text5        00194E
__end_of_motor_retrace                      text3        001D5A
__end_of_norm_stop                          text9        00309A
__end_of_persistence_register               text2        00326C
__end_of_reverse                            text8        002A14
__end_of_setMotorPWM                        text10       0026C6
__end_of_tricolorLED                        text1        00324A
__end_of_turnLeft                           text7        002D9C
__end_of_turnRight                          text6        002D2A
__end_ofi2_Color_Interrupts_init            text41       003234
__end_ofi2_Color_Interrupts_threshold       text40       00314A
__end_ofi2_I2C_2_Master_Idle                text46       00319A
__end_ofi2_I2C_2_Master_Start               text45       0032C2
__end_ofi2_I2C_2_Master_Stop                text44       0032B8
__end_ofi2_I2C_2_Master_Write               text43       003290
__end_ofi2_color_writetoaddr                text42       003200
__end_ofi2_persistence_register             text39       003284
__initialization                            cinit        002FB0
__mediumconst                               mediumconst  000000
__pbssBANK0                                 bssBANK0     000060
__pbssCOMRAM                                bssCOMRAM    00002C
__pcinit                                    cinit        002FB0
__pcstackBANK0                              cstackBANK0  0000B2
__pcstackCOMRAM                             cstackCOMRAM 000001
__pdataBANK0                                dataBANK0    0000E6
__pidataBANK0                               idataBANK0   0032C2
__pintcode                                  intcode      000008
__psmallconst                               smallconst   000E00
__ptext0                                    text0        0020F4
__ptext1                                    text1        003234
__ptext10                                   text10       00255A
__ptext11                                   text11       00319A
__ptext12                                   text12       002C44
__ptext13                                   text13       002818
__ptext14                                   text14       002D9C
__ptext15                                   text15       002E06
__ptext16                                   text16       002BC4
__ptext17                                   text17       002AFE
__ptext18                                   text18       002E70
__ptext19                                   text19       002EC0
__ptext2                                    text2        003260
__ptext20                                   text20       002F10
__ptext21                                   text21       002F60
__ptext22                                   text22       003290
__ptext23                                   text23       002FF2
__ptext24                                   text24       0023A6
__ptext25                                   text25       0026C6
__ptext26                                   text26       001D5A
__ptext27                                   text27       003034
__ptext28                                   text28       0030CC
__ptext29                                   text29       00324A
__ptext3                                    text3        00194E
__ptext30                                   text30       0030F6
__ptext31                                   text31       003200
__ptext32                                   text32       0031C0
__ptext33                                   text33       00326C
__ptext34                                   text34       00329A
__ptext35                                   text35       0032A4
__ptext36                                   text36       00314A
__ptext38                                   text38       00309A
__ptext39                                   text39       003278
__ptext4                                    text4        002A14
__ptext40                                   text40       003120
__ptext41                                   text41       00321A
__ptext42                                   text42       0031E0
__ptext43                                   text43       003284
__ptext44                                   text44       0032AE
__ptext45                                   text45       0032B8
__ptext46                                   text46       003172
__ptext5                                    text5        000E18
__ptext6                                    text6        002CB8
__ptext7                                    text7        002D2A
__ptext8                                    text8        00291C
__ptext9                                    text9        003068
__ramtop                                    ramtop       000E00
__smallconst                                smallconst   000E00
_amb_blue                                   bssCOMRAM    000042
_amb_clear                                  bssCOMRAM    000040
_amb_green                                  bssCOMRAM    000044
_amb_red                                    bssCOMRAM    000046
_buggy_path                                 bssBANK0     0000A3
_color_click_init                           text27       003034
_color_normalise                            text25       0026C6
_color_read_Blue                            text21       002F60
_color_read_Clear                           text20       002F10
_color_read_Green                           text19       002EC0
_color_read_RGBC                            text17       002AFE
_color_read_Red                             text18       002E70
_color_writetoaddr                          text32       0031C0
_ctr                                        bssCOMRAM    000048
_fullSpeedAhead                             text4        002A14
_initDCmotorsPWM                            text16       002BC4
_interrupt_ctr                              bssBANK0     00009E
_interrupt_flag                             bssBANK0     0000A0
_lowerThreshold                             bssBANK0     00009C
_main                                       text0        0020F4
_motorLinit                                 text15       002E06
_motorRinit                                 text14       002D9C
_motor_response                             text5        000E18
_motor_retrace                              text3        00194E
_motor_return                               bssBANK0     0000A2
_norm_stop                                  text9        003068
_persistence_register                       text2        003260
_reverse                                    text8        00291C
_setMotorPWM                                text10       00255A
_tricolorLED                                text1        003234
_turnLeft                                   text7        002D2A
_turnRight                                  text6        002CB8
_upperThreshold                             dataBANK0    0000E6
btemp                                       temp         00004E
color_normalise@RGBC                        cstackCOMRAM 000022
color_read_Blue@tmp                         cstackCOMRAM 000012
color_read_Clear@tmp                        cstackCOMRAM 000012
color_read_Green@tmp                        cstackCOMRAM 000012
color_read_RGBC@temp                        cstackCOMRAM 000022
color_read_Red@tmp                          cstackCOMRAM 000012
color_writetoaddr@address                   cstackCOMRAM 00000C
color_writetoaddr@value                     cstackCOMRAM 00000B
end_of_initialization                       cinit        002FE0
fullSpeedAhead@mL                           cstackCOMRAM 00001C
fullSpeedAhead@mR                           cstackCOMRAM 00001E
i2Color_Interrupts_threshold@lowerThreshold cstackCOMRAM 000007
i2Color_Interrupts_threshold@upperThreshold cstackCOMRAM 000005
i2I2C_2_Master_Write@data_byte              cstackCOMRAM 000002
i2_Color_Interrupts_init                    text41       00321A
i2_Color_Interrupts_threshold               text40       003120
i2_I2C_2_Master_Idle                        text46       003172
i2_I2C_2_Master_Start                       text45       0032B8
i2_I2C_2_Master_Stop                        text44       0032AE
i2_I2C_2_Master_Write                       text43       003284
i2_color_writetoaddr                        text42       0031E0
i2_persistence_register                     text39       003278
i2color_writetoaddr@address                 cstackCOMRAM 000004
i2color_writetoaddr@value                   cstackCOMRAM 000003
initDCmotorsPWM@PWMperiod                   cstackCOMRAM 000009
int$flags                                   temp         00004E
intlevel0                                   text         000000
intlevel1                                   text         000000
intlevel2                                   text         000000
intlevel3                                   text         000000
isa$std                                     (abs)        000001
isa$xinst                                   (abs)        000000
main@RGBC                                   cstackBANK0  0000B4
main@mL                                     cstackBANK0  0000D4
main@mR                                     cstackBANK0  0000DD
main@pathSet                                cstackBANK0  0000B2
motorLinit@mL                               cstackCOMRAM 000009
motorRinit@mR                               cstackCOMRAM 000009
motor_response@mL                           cstackCOMRAM 000023
motor_response@mR                           cstackCOMRAM 000025
motor_response@temp                         cstackCOMRAM 000021
motor_retrace@buggy_path                    cstackCOMRAM 000021
motor_retrace@mL                            cstackCOMRAM 000023
motor_retrace@mR                            cstackCOMRAM 000025
norm_stop@mL                                cstackCOMRAM 00001C
norm_stop@mR                                cstackCOMRAM 00001E
reverse@mL                                  cstackCOMRAM 00001C
reverse@mR                                  cstackCOMRAM 00001E
setMotorPWM@m                               cstackCOMRAM 000016
setMotorPWM@negDuty                         cstackCOMRAM 00001B
setMotorPWM@posDuty                         cstackCOMRAM 00001A
stackhi                                     (abs)        000000
stacklo                                     (abs)        000000
start                                       init         000036
start_initialization                        cinit        002FB0
ttemp5                                      temp         00004F
ttemp6                                      temp         000052
ttemp7                                      temp         000056
turnLeft@mL                                 cstackCOMRAM 00001C
turnLeft@mR                                 cstackCOMRAM 00001E
turnRight@mL                                cstackCOMRAM 00001C
turnRight@mR                                cstackCOMRAM 00001E
wtemp8                                      temp         00004F


MODULE INFORMATION

Module		Function		Class		Link	Load	Size
C:\Program Files\Microchip\xc8\v2.40\pic\sources\c99\common\sprcdiv.c
		___fldiv       		CODE           	1D5A	0000	922

C:\Program Files\Microchip\xc8\v2.40\pic\sources\c99\common\sprcdiv.c estimated size: 922

C:\Program Files\Microchip\xc8\v2.40\pic\sources\c99\common\lwdiv.c
		___lwdiv       		CODE           	2C44	0000	116

C:\Program Files\Microchip\xc8\v2.40\pic\sources\c99\common\lwdiv.c estimated size: 116

color.c
		_motor_retrace 		CODE           	194E	0000	1036
		_motor_response		CODE           	0E18	0000	2870
		_color_writetoaddr		CODE           	31C0	0000	32
		_color_normalise		CODE           	26C6	0000	338
		_color_click_init		CODE           	3034	0000	52
		_tricolorLED   		CODE           	3234	0000	22
		_color_read_Green		CODE           	2EC0	0000	80
		_color_read_Clear		CODE           	2F10	0000	80
		_color_read_Red		CODE           	2E70	0000	80
		_color_read_RGBC		CODE           	2AFE	0000	198
		_color_read_Blue		CODE           	2F60	0000	80

color.c estimated size: 4868

C:\Program Files\Microchip\xc8\v2.40\pic\sources\c99\common\Umul16.c
		___wmul        		CODE           	319A	0000	38

C:\Program Files\Microchip\xc8\v2.40\pic\sources\c99\common\Umul16.c estimated size: 38

interrupts.c
		_Color_Interrupts_init		CODE           	3200	0000	26
		_Color_Interrupts_threshold		CODE           	30F6	0000	42
		_Color_Interrupts_clear		CODE           	309A	0000	50
		_persistence_register		CODE           	3260	0000	12
		_Interrupts_init		CODE           	324A	0000	22
		_HighISR       		CODE           	0008	0000	46

interrupts.c estimated size: 198

dc_motor.c
		_fullSpeedAhead		CODE           	2A14	0000	234
		_motorLinit    		CODE           	2E06	0000	106
		_turnLeft      		CODE           	2D2A	0000	114
		_motorRinit    		CODE           	2D9C	0000	106
		_initDCmotorsPWM		CODE           	2BC4	0000	128
		_turnRight     		CODE           	2CB8	0000	114
		_setMotorPWM   		CODE           	255A	0000	364
		_norm_stop     		CODE           	3068	0000	50
		_reverse       		CODE           	291C	0000	248

dc_motor.c estimated size: 1464

i2c.c
		_I2C_2_Master_Start		CODE           	32A4	0000	10
		_I2C_2_Master_Read		CODE           	2FF2	0000	66
		_I2C_2_Master_Idle		CODE           	314A	0000	40
		_I2C_2_Master_Init		CODE           	30CC	0000	42
		_I2C_2_Master_Stop		CODE           	329A	0000	10
		_I2C_2_Master_RepStart		CODE           	3290	0000	10
		_I2C_2_Master_Write		CODE           	326C	0000	12

i2c.c estimated size: 190

C:\Program Files\Microchip\xc8\v2.40\pic\sources\c99\common\xxtofl.c
		___xxtofl      		CODE           	23A6	0000	436

C:\Program Files\Microchip\xc8\v2.40\pic\sources\c99\common\xxtofl.c estimated size: 436

shared
		i2_I2C_2_Master_Stop		CODE           	32AE	0000	10
		i2_Color_Interrupts_init		CODE           	321A	0000	26
		i2_I2C_2_Master_Idle		CODE           	3172	0000	40
		__initialization		CODE           	2FB0	0000	48
		i2_persistence_register		CODE           	3278	0000	12
		i2_I2C_2_Master_Write		CODE           	3284	0000	12
		i2_color_writetoaddr		CODE           	31E0	0000	32
		i2_I2C_2_Master_Start		CODE           	32B8	0000	10
		i2_Color_Interrupts_threshold		CODE           	3120	0000	42

shared estimated size: 232

C:\Program Files\Microchip\xc8\v2.40\pic\sources\c99\common\flge.c
		___flge        		CODE           	2818	0000	260

C:\Program Files\Microchip\xc8\v2.40\pic\sources\c99\common\flge.c estimated size: 260

main.c
		_main          		CODE           	20F4	0000	690

main.c estimated size: 690

