Microchip MPLAB XC8 Compiler V2.40

Linker command line:

-W-3 \
  --edf=C:\Program Files\Microchip\xc8\v2.40\pic\dat\20220703182018_en.msgs \
  -cn \
  -h+dist/default/production\final-project-areeb-atulit.X.production.sym \
  --cmf=dist/default/production\final-project-areeb-atulit.X.production.cmf \
  -z -Q18F67K40 -oC:\Users\areeb\AppData\Local\Temp\xcAsja0.4 \
  --defsym=__MPLAB_BUILD=1 --fixupoverflow=error \
  -Mdist/default/production/final-project-areeb-atulit.X.production.map \
  --md=C:\Users\areeb\AppData\Local\Temp\xcAsja0.dat -E1 -ver=XC8 Compiler \
  --acfsm=1493 -ACODE=00h-01FFFFh -ACONST=00h-01FFFFh \
  -ASMALLCONST=0E00h-0EFFhx498 -AMEDIUMCONST=0E00h-0FFFFh,010E00h-01FFFFh \
  -ACOMRAM=01h-05Fh -AABS1=00h-0DE9h -ABIGRAM=01h-0DE9h \
  -ARAM=060h-0FFh,0100h-01FFhx12,0D00h-0DE9h -ABANK0=060h-0FFh \
  -ABANK1=0100h-01FFh -ABANK2=0200h-02FFh -ABANK3=0300h-03FFh \
  -ABANK4=0400h-04FFh -ABANK5=0500h-05FFh -ABANK6=0600h-06FFh \
  -ABANK7=0700h-07FFh -ABANK8=0800h-08FFh -ABANK9=0900h-09FFh \
  -ABANK10=0A00h-0AFFh -ABANK11=0B00h-0BFFh -ABANK12=0C00h-0CFFh \
  -ABANK13=0D00h-0DE9h \
  -ASFR=0DEFh-0DFFh,0E00h-0EFFh,0F00h-0F5Fh,0F60h-0FFFh \
  -ABIGSFR=0DEFh-0FFFh -ACONFIG=0300000h-030000Bh -AIDLOC=0200000h-020000Fh \
  -AEEDATA=0310000h-03103FFh -peeprom_data=EEDATA \
  -preset_vec=00h,intcode=08h,intcodelo,powerup,init -pramtop=0E00h \
  -psmallconst=SMALLCONST -pmediumconst=MEDIUMCONST -pconst=CONST \
  -AFARRAM=00h-00h \
  -prdata=COMRAM,nvrram=COMRAM,nvbit=COMRAM,rbss=COMRAM,rbit=COMRAM \
  -pfarbss=FARRAM,fardata=FARRAM,nvFARRAM=FARRAM \
  -pintsave_regs=BIGRAM,bigbss=BIGRAM,bigdata=BIGRAM -pbss=RAM \
  -pidata=CODE,irdata=CODE,ibigdata=CODE,ifardata=CODE -prparam=COMRAM \
  C:\Users\areeb\AppData\Local\Temp\xcAsja0.o \
  dist/default/production\final-project-areeb-atulit.X.production.o 

Object code version is 3.11

Machine type is 18F67K40



                Name                               Link     Load   Length Selector   Space Scale
C:\Users\areeb\AppData\Local\Temp\xcAsja0.o
                idloc                            200000   200000       10        0       5
                config                           300000   300000        C        0       4
                init                                 32       32        4        4       0
                reset_vec                             0        0        4        0       0
dist/default/production\final-project-areeb-atulit.X.production.o
                intcode                               8        8       2A        4       0
                idloc                            200000   200000       10        0       5
                config                           300000   300000        C        0       4
                temp                                 57       57        1        1       1
                smallconst                          E00      E00       18      700       0
                text46                             2ADA     2ADA       28      70C       0
                text45                             2C20     2C20        A      70C       0
                text44                             2C16     2C16        A      70C       0
                text43                             2BEC     2BEC        C      70C       0
                text42                             2B48     2B48       20      70C       0
                text41                             2B82     2B82       1A      70C       0
                text40                             2A88     2A88       2A      70C       0
                text39                             2BE0     2BE0        C      70C       0
                text38                             2A02     2A02       32      70C       0
                text36                             2AB2     2AB2       28      70C       0
                text35                             2C0C     2C0C        A      70C       0
                text34                             2C02     2C02        A      70C       0
                text33                             2BD4     2BD4        C      70C       0
                text32                             2B28     2B28       20      70C       0
                text31                             2B68     2B68       1A      70C       0
                text30                             2A5E     2A5E       2A      70C       0
                text29                             2BB2     2BB2       16      70C       0
                text28                             2A34     2A34       2A      70C       0
                text27                             299C     299C       34      70C       0
                text26                             17F8     17F8      39A      70C       0
                text25                             202E     202E      152      70C       0
                text24                             1B92     1B92      1B4      70C       0
                text23                             295A     295A       42      70C       0
                text22                             2BF8     2BF8        A      70C       0
                text21                             28C8     28C8       50      70C       0
                text20                             2878     2878       50      70C       0
                text19                             2828     2828       50      70C       0
                text18                             27D8     27D8       50      70C       0
                text17                             2466     2466       C6      70C       0
                text16                             252C     252C       80      70C       0
                text15                             276E     276E       6A      70C       0
                text14                             2704     2704       6A      70C       0
                text13                             2180     2180      104      70C       0
                text12                             25AC     25AC       74      70C       0
                text11                             2B02     2B02       26      70C       0
                text10                             1EC2     1EC2      16C      70C       0
                text9                              237C     237C       EA      70C       0
                text8                              29D0     29D0       32      70C       0
                text7                              2692     2692       72      70C       0
                text6                              2620     2620       72      70C       0
                text5                              1358     1358      4A0      70C       0
                text4                              2284     2284       F8      70C       0
                text3                               E18      E18      540      70C       0
                text2                              2BC8     2BC8        C      70C       0
                text1                              2B9C     2B9C       16      70C       0
                text0                              1D46     1D46      17C      70C       0
                cstackCOMRAM                          1        1       32        1       1
                cstackBANK0                          B0       B0       40       60       1
                dataBANK0                            F0       F0        2       60       1
                bssBANK0                             60       60       50       60       1
                bssCOMRAM                            33       33       24        1       1
                cinit                              2918     2918       42      70C       0
                idataBANK0                         2C2A     2C2A        2      70C       0

TOTAL           Name                               Link     Load   Length     Space
        CLASS   CODE           
                intcode                               8        8       2A         0
                init                                 32       32        4         0
                reset_vec                             0        0        4         0
                text46                             2ADA     2ADA       28         0
                text45                             2C20     2C20        A         0
                text44                             2C16     2C16        A         0
                text43                             2BEC     2BEC        C         0
                text42                             2B48     2B48       20         0
                text41                             2B82     2B82       1A         0
                text40                             2A88     2A88       2A         0
                text39                             2BE0     2BE0        C         0
                text38                             2A02     2A02       32         0
                text36                             2AB2     2AB2       28         0
                text35                             2C0C     2C0C        A         0
                text34                             2C02     2C02        A         0
                text33                             2BD4     2BD4        C         0
                text32                             2B28     2B28       20         0
                text31                             2B68     2B68       1A         0
                text30                             2A5E     2A5E       2A         0
                text29                             2BB2     2BB2       16         0
                text28                             2A34     2A34       2A         0
                text27                             299C     299C       34         0
                text26                             17F8     17F8      39A         0
                text25                             202E     202E      152         0
                text24                             1B92     1B92      1B4         0
                text23                             295A     295A       42         0
                text22                             2BF8     2BF8        A         0
                text21                             28C8     28C8       50         0
                text20                             2878     2878       50         0
                text19                             2828     2828       50         0
                text18                             27D8     27D8       50         0
                text17                             2466     2466       C6         0
                text16                             252C     252C       80         0
                text15                             276E     276E       6A         0
                text14                             2704     2704       6A         0
                text13                             2180     2180      104         0
                text12                             25AC     25AC       74         0
                text11                             2B02     2B02       26         0
                text10                             1EC2     1EC2      16C         0
                text9                              237C     237C       EA         0
                text8                              29D0     29D0       32         0
                text7                              2692     2692       72         0
                text6                              2620     2620       72         0
                text5                              1358     1358      4A0         0
                text4                              2284     2284       F8         0
                text3                               E18      E18      540         0
                text2                              2BC8     2BC8        C         0
                text1                              2B9C     2B9C       16         0
                text0                              1D46     1D46      17C         0
                cinit                              2918     2918       42         0
                idataBANK0                         2C2A     2C2A        2         0

        CLASS   CONST          

        CLASS   SMALLCONST     
                smallconst                          E00      E00       18         0

        CLASS   MEDIUMCONST    

        CLASS   COMRAM         
                temp                                 57       57        1         1
                cstackCOMRAM                          1        1       32         1
                bssCOMRAM                            33       33       24         1

        CLASS   ABS1           

        CLASS   BIGRAM         

        CLASS   RAM            

        CLASS   BANK0          
                cstackBANK0                          B0       B0       40         1
                dataBANK0                            F0       F0        2         1
                bssBANK0                             60       60       50         1

        CLASS   BANK1          

        CLASS   BANK2          

        CLASS   BANK3          

        CLASS   BANK4          

        CLASS   BANK5          

        CLASS   BANK6          

        CLASS   BANK7          

        CLASS   BANK8          

        CLASS   BANK9          

        CLASS   BANK10         

        CLASS   BANK11         

        CLASS   BANK12         

        CLASS   BANK13         

        CLASS   SFR            

        CLASS   BIGSFR         

        CLASS   CONFIG         
                config                           300000   300000        C         4

        CLASS   IDLOC          
                idloc                            200000   200000       10         5

        CLASS   EEDATA         

        CLASS   FARRAM         

        CLASS   HEAP           

        CLASS   STACK          



SEGMENTS        Name                           Load    Length   Top    Selector   Space  Class

                reset_vec                      000000  000004  000004         0       0  CODE    
                cstackCOMRAM                   000001  000057  000058         1       1  COMRAM  
                intcode                        000008  00002E  000036         4       0  CODE    
                bssBANK0                       000060  000092  0000F2        60       1  BANK0   
                smallconst                     000E00  000018  000E18       700       0  SMALLCON
                text3                          000E18  001E14  002C2C       70C       0  CODE    


UNUSED ADDRESS RANGES

        Name                Unused          Largest block    Delta
        BANK0            0000F2-0000FF                E
        BANK1            000100-0001FF              100
        BANK10           000A00-000AFF              100
        BANK11           000B00-000BFF              100
        BANK12           000C00-000CFF              100
        BANK13           000D00-000DE9               EA
        BANK2            000200-0002FF              100
        BANK3            000300-0003FF              100
        BANK4            000400-0004FF              100
        BANK5            000500-0005FF              100
        BANK6            000600-0006FF              100
        BANK7            000700-0007FF              100
        BANK8            000800-0008FF              100
        BANK9            000900-0009FF              100
        BIGRAM           000058-00005F                8
                         0000F2-000DE9              CF8
        BIGSFR           000DEF-000FFF              211
        CODE             000004-000007                4
                         000036-000DFF              DCA
                         002C2C-01FFFF            1D3D4
        COMRAM           000058-00005F                8
        CONST            000004-000007                4
                         000036-000DFF              DCA
                         002C2C-01FFFF            1D3D4
        EEDATA           310000-3103FF              400
        MEDIUMCONST      002C2C-00FFFF             D3D4
                         010E00-01FFFF             F200
        RAM              0000F2-000DE9              100
        SFR              000DEF-000FFF              100
        SMALLCONST       002C2C-01FFFF              100

                                  Symbol Table

?___fldiv                                   cstackCOMRAM 000009
?___lwdiv                                   cstackCOMRAM 00000F
?___wmul                                    cstackCOMRAM 000009
?___xxtofl                                  cstackCOMRAM 000014
?_color_read_Blue                           cstackCOMRAM 00000D
?_color_read_Clear                          cstackCOMRAM 00000D
?_color_read_Green                          cstackCOMRAM 00000D
?_color_read_Red                            cstackCOMRAM 00000D
Color_Interrupts_threshold@lowerThreshold   cstackCOMRAM 00000F
Color_Interrupts_threshold@upperThreshold   cstackCOMRAM 00000D
I2C_2_Master_Read@ack                       cstackCOMRAM 00000B
I2C_2_Master_Read@tmp                       cstackCOMRAM 00000C
I2C_2_Master_Write@data_byte                cstackCOMRAM 00000A
_ANSELBbits                                 (abs)        000E9A
_ANSELDbits                                 (abs)        000EA7
_BAUD4CONbits                               (abs)        000EE9
_CCP1CONbits                                (abs)        000FAB
_CCP2CONbits                                (abs)        000FA7
_CCP3CONbits                                (abs)        000F26
_CCP4CONbits                                (abs)        000F22
_CCPR1H                                     (abs)        000FAA
_CCPR2H                                     (abs)        000FA6
_CCPR3H                                     (abs)        000F25
_CCPR4H                                     (abs)        000F21
_CCPTMRS0bits                               (abs)        000FAD
_Color_Interrupts_clear                     text38       002A02
_Color_Interrupts_init                      text31       002B68
_Color_Interrupts_threshold                 text30       002A5E
_EUSART4RXbuf                               bssCOMRAM    000033
_EUSART4TXbuf                               bssBANK0     000060
_HighISR                                    intcode      000008
_I2C_2_Master_Idle                          text36       002AB2
_I2C_2_Master_Init                          text28       002A34
_I2C_2_Master_Read                          text23       00295A
_I2C_2_Master_RepStart                      text22       002BF8
_I2C_2_Master_Start                         text35       002C0C
_I2C_2_Master_Stop                          text34       002C02
_I2C_2_Master_Write                         text33       002BD4
_INTCONbits                                 (abs)        000FF2
_IPR0bits                                   (abs)        000E1F
_Interrupts_init                            text29       002BB2
_LATAbits                                   (abs)        000F79
_LATDbits                                   (abs)        000F7C
_LATEbits                                   (abs)        000F7D
_LATFbits                                   (abs)        000F7E
_LATGbits                                   (abs)        000F7F
_LATHbits                                   (abs)        000F80
_PIE0bits                                   (abs)        000E29
_PIE4bits                                   (abs)        000E2D
_PIR0bits                                   (abs)        000E33
_PIR4bits                                   (abs)        000E37
_RC0PPS                                     (abs)        000E62
_RC4REG                                     (abs)        000EE3
_RC4STAbits                                 (abs)        000EE7
_RC7PPS                                     (abs)        000E69
_RD5PPS                                     (abs)        000E6F
_RD6PPS                                     (abs)        000E70
_RE2PPS                                     (abs)        000E74
_RE4PPS                                     (abs)        000E76
_RG6PPS                                     (abs)        000E88
_RX4PPS                                     (abs)        000E15
_RxBufReadCnt                               bssCOMRAM    000055
_RxBufWriteCnt                              bssCOMRAM    000056
_SP4BRGH                                    (abs)        000EE6
_SP4BRGL                                    (abs)        000EE5
_SSP2ADD                                    (abs)        000ED6
_SSP2BUF                                    (abs)        000ED5
_SSP2CLKPPS                                 (abs)        000E1C
_SSP2CON1bits                               (abs)        000ED9
_SSP2CON2                                   (abs)        000EDA
_SSP2CON2bits                               (abs)        000EDA
_SSP2DATPPS                                 (abs)        000E1D
_SSP2STAT                                   (abs)        000ED8
_T0CON0bits                                 (abs)        000FD5
_T0CON1bits                                 (abs)        000FD6
_T2CLKCONbits                               (abs)        000FBF
_T2CONbits                                  (abs)        000FBD
_T2HLTbits                                  (abs)        000FBE
_T2PR                                       (abs)        000FBC
_TMR0H                                      (abs)        000FD4
_TMR0L                                      (abs)        000FD3
_TRISAbits                                  (abs)        000F81
_TRISBbits                                  (abs)        000F82
_TRISCbits                                  (abs)        000F83
_TRISDbits                                  (abs)        000F84
_TRISEbits                                  (abs)        000F85
_TRISFbits                                  (abs)        000F86
_TRISGbits                                  (abs)        000F87
_TRISHbits                                  (abs)        000F88
_TX4REG                                     (abs)        000EE4
_TX4STAbits                                 (abs)        000EE8
_TxBufReadCnt                               bssCOMRAM    000053
_TxBufWriteCnt                              bssCOMRAM    000054
__HRAM                                      (abs)        000000
__Habs1                                     abs1         000000
__Hbank0                                    bank0        000000
__Hbank1                                    bank1        000000
__Hbank10                                   bank10       000000
__Hbank11                                   bank11       000000
__Hbank12                                   bank12       000000
__Hbank13                                   bank13       000000
__Hbank2                                    bank2        000000
__Hbank3                                    bank3        000000
__Hbank4                                    bank4        000000
__Hbank5                                    bank5        000000
__Hbank6                                    bank6        000000
__Hbank7                                    bank7        000000
__Hbank8                                    bank8        000000
__Hbank9                                    bank9        000000
__Hbigbss                                   bigbss       000000
__Hbigdata                                  bigdata      000000
__Hbigram                                   bigram       000000
__Hbigsfr                                   bigsfr       000000
__Hbss                                      bss          000000
__HbssBANK0                                 bssBANK0     000000
__HbssCOMRAM                                bssCOMRAM    000000
__Hcinit                                    cinit        000000
__Hclrtext                                  clrtext      000000
__Hcomram                                   comram       000000
__Hconfig                                   config       30000C
__Hconst                                    const        000000
__HcstackBANK0                              cstackBANK0  000000
__HcstackCOMRAM                             cstackCOMRAM 000000
__Hdata                                     data         000000
__HdataBANK0                                dataBANK0    000000
__Heeprom_data                              eeprom_data  000000
__Hfarbss                                   farbss       000000
__Hfardata                                  fardata      000000
__Hheap                                     heap         000000
__Hibigdata                                 ibigdata     000000
__Hidata                                    idata        000000
__HidataBANK0                               idataBANK0   000000
__Hidloc                                    idloc        200010
__Hifardata                                 ifardata     000000
__Hinit                                     init         000036
__Hintcode                                  intcode      000032
__Hintcode_body                             intcode_body 000000
__Hintcodelo                                intcodelo    000032
__Hintentry                                 intentry     000000
__Hintret                                   intret       000000
__Hintsave_regs                             intsave_regs 000000
__Hirdata                                   irdata       000000
__Hmediumconst                              mediumconst  000000
__HnvFARRAM                                 nvFARRAM     000000
__Hnvbit                                    nvbit        000000
__Hnvrram                                   nvrram       000000
__Hparam                                    rparam       000000
__Hpowerup                                  powerup      000032
__Hram                                      ram          000000
__Hramtop                                   ramtop       000E00
__Hrbit                                     rbit         000000
__Hrbss                                     rbss         000000
__Hrdata                                    rdata        000000
__Hreset_vec                                reset_vec    000004
__Hrparam                                   rparam       000000
__Hsfr                                      sfr          000000
__Hsmallconst                               smallconst   000E18
__Hspace_0                                  (abs)        002C2C
__Hspace_1                                  (abs)        0000F2
__Hspace_2                                  (abs)        000000
__Hspace_4                                  (abs)        60000C
__Hstack                                    stack        000000
__Hstruct                                   struct       000000
__Htemp                                     temp         000058
__Htext                                     text         000000
__Htext0                                    text0        000000
__Htext1                                    text1        000000
__Htext10                                   text10       000000
__Htext11                                   text11       000000
__Htext12                                   text12       000000
__Htext13                                   text13       000000
__Htext14                                   text14       000000
__Htext15                                   text15       000000
__Htext16                                   text16       000000
__Htext17                                   text17       000000
__Htext18                                   text18       000000
__Htext19                                   text19       000000
__Htext2                                    text2        000000
__Htext20                                   text20       000000
__Htext21                                   text21       000000
__Htext22                                   text22       000000
__Htext23                                   text23       000000
__Htext24                                   text24       000000
__Htext25                                   text25       000000
__Htext26                                   text26       000000
__Htext27                                   text27       000000
__Htext28                                   text28       000000
__Htext29                                   text29       000000
__Htext3                                    text3        000000
__Htext30                                   text30       000000
__Htext31                                   text31       000000
__Htext32                                   text32       000000
__Htext33                                   text33       000000
__Htext34                                   text34       000000
__Htext35                                   text35       000000
__Htext36                                   text36       000000
__Htext38                                   text38       000000
__Htext39                                   text39       000000
__Htext4                                    text4        000000
__Htext40                                   text40       000000
__Htext41                                   text41       000000
__Htext42                                   text42       000000
__Htext43                                   text43       000000
__Htext44                                   text44       000000
__Htext45                                   text45       000000
__Htext46                                   text46       000000
__Htext5                                    text5        000000
__Htext6                                    text6        000000
__Htext7                                    text7        000000
__Htext8                                    text8        000000
__Htext9                                    text9        000000
__LRAM                                      (abs)        000001
__Labs1                                     abs1         000000
__Lbank0                                    bank0        000000
__Lbank1                                    bank1        000000
__Lbank10                                   bank10       000000
__Lbank11                                   bank11       000000
__Lbank12                                   bank12       000000
__Lbank13                                   bank13       000000
__Lbank2                                    bank2        000000
__Lbank3                                    bank3        000000
__Lbank4                                    bank4        000000
__Lbank5                                    bank5        000000
__Lbank6                                    bank6        000000
__Lbank7                                    bank7        000000
__Lbank8                                    bank8        000000
__Lbank9                                    bank9        000000
__Lbigbss                                   bigbss       000000
__Lbigdata                                  bigdata      000000
__Lbigram                                   bigram       000000
__Lbigsfr                                   bigsfr       000000
__Lbss                                      bss          000000
__LbssBANK0                                 bssBANK0     000000
__LbssCOMRAM                                bssCOMRAM    000000
__Lcinit                                    cinit        000000
__Lclrtext                                  clrtext      000000
__Lcomram                                   comram       000000
__Lconfig                                   config       000000
__Lconst                                    const        000000
__LcstackBANK0                              cstackBANK0  000000
__LcstackCOMRAM                             cstackCOMRAM 000000
__Ldata                                     data         000000
__LdataBANK0                                dataBANK0    000000
__Leeprom_data                              eeprom_data  000000
__Lfarbss                                   farbss       000000
__Lfardata                                  fardata      000000
__Lheap                                     heap         000000
__Libigdata                                 ibigdata     000000
__Lidata                                    idata        000000
__LidataBANK0                               idataBANK0   000000
__Lidloc                                    idloc        000000
__Lifardata                                 ifardata     000000
__Linit                                     init         000032
__Lintcode                                  intcode      000008
__Lintcode_body                             intcode_body 000000
__Lintcodelo                                intcodelo    000032
__Lintentry                                 intentry     000000
__Lintret                                   intret       000000
__Lintsave_regs                             intsave_regs 000000
__Lirdata                                   irdata       000000
__Lmediumconst                              mediumconst  000000
__LnvFARRAM                                 nvFARRAM     000000
__Lnvbit                                    nvbit        000000
__Lnvrram                                   nvrram       000000
__Lparam                                    rparam       000000
__Lpowerup                                  powerup      000032
__Lram                                      ram          000000
__Lramtop                                   ramtop       000E00
__Lrbit                                     rbit         000000
__Lrbss                                     rbss         000000
__Lrdata                                    rdata        000000
__Lreset_vec                                reset_vec    000000
__Lrparam                                   rparam       000000
__Lsfr                                      sfr          000000
__Lsmallconst                               smallconst   000E00
__Lspace_0                                  (abs)        000000
__Lspace_1                                  (abs)        000000
__Lspace_2                                  (abs)        000000
__Lspace_4                                  (abs)        000000
__Lstack                                    stack        000000
__Lstruct                                   struct       000000
__Ltemp                                     temp         000057
__Ltext                                     text         000000
__Ltext0                                    text0        000000
__Ltext1                                    text1        000000
__Ltext10                                   text10       000000
__Ltext11                                   text11       000000
__Ltext12                                   text12       000000
__Ltext13                                   text13       000000
__Ltext14                                   text14       000000
__Ltext15                                   text15       000000
__Ltext16                                   text16       000000
__Ltext17                                   text17       000000
__Ltext18                                   text18       000000
__Ltext19                                   text19       000000
__Ltext2                                    text2        000000
__Ltext20                                   text20       000000
__Ltext21                                   text21       000000
__Ltext22                                   text22       000000
__Ltext23                                   text23       000000
__Ltext24                                   text24       000000
__Ltext25                                   text25       000000
__Ltext26                                   text26       000000
__Ltext27                                   text27       000000
__Ltext28                                   text28       000000
__Ltext29                                   text29       000000
__Ltext3                                    text3        000000
__Ltext30                                   text30       000000
__Ltext31                                   text31       000000
__Ltext32                                   text32       000000
__Ltext33                                   text33       000000
__Ltext34                                   text34       000000
__Ltext35                                   text35       000000
__Ltext36                                   text36       000000
__Ltext38                                   text38       000000
__Ltext39                                   text39       000000
__Ltext4                                    text4        000000
__Ltext40                                   text40       000000
__Ltext41                                   text41       000000
__Ltext42                                   text42       000000
__Ltext43                                   text43       000000
__Ltext44                                   text44       000000
__Ltext45                                   text45       000000
__Ltext46                                   text46       000000
__Ltext5                                    text5        000000
__Ltext6                                    text6        000000
__Ltext7                                    text7        000000
__Ltext8                                    text8        000000
__Ltext9                                    text9        000000
__S0                                        (abs)        002C2C
__S1                                        (abs)        0000F2
__S4                                        (abs)        000000
__S5                                        (abs)        000000
___fldiv                                    text26       0017F8
___fldiv@a                                  cstackCOMRAM 00000D
___fldiv@aexp                               cstackCOMRAM 000021
___fldiv@b                                  cstackCOMRAM 000009
___fldiv@bexp                               cstackCOMRAM 000020
___fldiv@grs                                cstackCOMRAM 00001C
___fldiv@new_exp                            cstackCOMRAM 00001A
___fldiv@rem                                cstackCOMRAM 000015
___fldiv@sign                               cstackCOMRAM 000019
___flge                                     text13       002180
___flge@ff1                                 cstackCOMRAM 000009
___flge@ff2                                 cstackCOMRAM 00000D
___heap_hi                                  (abs)        000000
___heap_lo                                  (abs)        000000
___inthi_sp                                 stack        000000
___intlo_sp                                 stack        000000
___lwdiv                                    text12       0025AC
___lwdiv@counter                            cstackCOMRAM 000013
___lwdiv@dividend                           cstackCOMRAM 00000F
___lwdiv@divisor                            cstackCOMRAM 000011
___lwdiv@quotient                           cstackCOMRAM 000014
___param_bank                               (abs)        000000
___rparam_used                              (abs)        000001
___sp                                       stack        000000
___wmul                                     text11       002B02
___wmul@multiplicand                        cstackCOMRAM 00000B
___wmul@multiplier                          cstackCOMRAM 000009
___wmul@product                             cstackCOMRAM 00000D
___xxtofl                                   text24       001B92
___xxtofl@arg                               cstackCOMRAM 00001E
___xxtofl@exp                               cstackCOMRAM 00001D
___xxtofl@sign                              cstackCOMRAM 00001C
___xxtofl@val                               cstackCOMRAM 000014
__accesstop                                 (abs)        000060
__activetblptr                              (abs)        000001
__end_of_Color_Interrupts_clear             text38       002A34
__end_of_Color_Interrupts_init              text31       002B82
__end_of_Color_Interrupts_threshold         text30       002A88
__end_of_HighISR                            intcode      000032
__end_of_I2C_2_Master_Idle                  text36       002ADA
__end_of_I2C_2_Master_Init                  text28       002A5E
__end_of_I2C_2_Master_Read                  text23       00299C
__end_of_I2C_2_Master_RepStart              text22       002C02
__end_of_I2C_2_Master_Start                 text35       002C16
__end_of_I2C_2_Master_Stop                  text34       002C0C
__end_of_I2C_2_Master_Write                 text33       002BE0
__end_of_Interrupts_init                    text29       002BC8
__end_of___fldiv                            text26       001B92
__end_of___flge                             text13       002284
__end_of___lwdiv                            text12       002620
__end_of___wmul                             text11       002B28
__end_of___xxtofl                           text24       001D46
__end_of__initialization                    cinit        002948
__end_of_color_click_init                   text27       0029D0
__end_of_color_normalise                    text25       002180
__end_of_color_read_Blue                    text21       002918
__end_of_color_read_Clear                   text20       0028C8
__end_of_color_read_Green                   text19       002878
__end_of_color_read_RGBC                    text17       00252C
__end_of_color_read_Red                     text18       002828
__end_of_color_writetoaddr                  text32       002B48
__end_of_fullSpeedAhead                     text9        002466
__end_of_initDCmotorsPWM                    text16       0025AC
__end_of_main                               text0        001EC2
__end_of_motorLinit                         text15       0027D8
__end_of_motorRinit                         text14       00276E
__end_of_motor_response                     text5        0017F8
__end_of_motor_retrace                      text3        001358
__end_of_norm_stop                          text8        002A02
__end_of_persistence_register               text2        002BD4
__end_of_reverse                            text4        00237C
__end_of_setMotorPWM                        text10       00202E
__end_of_tricolorLED                        text1        002BB2
__end_of_turnLeft                           text7        002704
__end_of_turnRight                          text6        002692
__end_ofi2_Color_Interrupts_init            text41       002B9C
__end_ofi2_Color_Interrupts_threshold       text40       002AB2
__end_ofi2_I2C_2_Master_Idle                text46       002B02
__end_ofi2_I2C_2_Master_Start               text45       002C2A
__end_ofi2_I2C_2_Master_Stop                text44       002C20
__end_ofi2_I2C_2_Master_Write               text43       002BF8
__end_ofi2_color_writetoaddr                text42       002B68
__end_ofi2_persistence_register             text39       002BEC
__initialization                            cinit        002918
__mediumconst                               mediumconst  000000
__pbssBANK0                                 bssBANK0     000060
__pbssCOMRAM                                bssCOMRAM    000033
__pcinit                                    cinit        002918
__pcstackBANK0                              cstackBANK0  0000B0
__pcstackCOMRAM                             cstackCOMRAM 000001
__pdataBANK0                                dataBANK0    0000F0
__pidataBANK0                               idataBANK0   002C2A
__pintcode                                  intcode      000008
__psmallconst                               smallconst   000E00
__ptext0                                    text0        001D46
__ptext1                                    text1        002B9C
__ptext10                                   text10       001EC2
__ptext11                                   text11       002B02
__ptext12                                   text12       0025AC
__ptext13                                   text13       002180
__ptext14                                   text14       002704
__ptext15                                   text15       00276E
__ptext16                                   text16       00252C
__ptext17                                   text17       002466
__ptext18                                   text18       0027D8
__ptext19                                   text19       002828
__ptext2                                    text2        002BC8
__ptext20                                   text20       002878
__ptext21                                   text21       0028C8
__ptext22                                   text22       002BF8
__ptext23                                   text23       00295A
__ptext24                                   text24       001B92
__ptext25                                   text25       00202E
__ptext26                                   text26       0017F8
__ptext27                                   text27       00299C
__ptext28                                   text28       002A34
__ptext29                                   text29       002BB2
__ptext3                                    text3        000E18
__ptext30                                   text30       002A5E
__ptext31                                   text31       002B68
__ptext32                                   text32       002B28
__ptext33                                   text33       002BD4
__ptext34                                   text34       002C02
__ptext35                                   text35       002C0C
__ptext36                                   text36       002AB2
__ptext38                                   text38       002A02
__ptext39                                   text39       002BE0
__ptext4                                    text4        002284
__ptext40                                   text40       002A88
__ptext41                                   text41       002B82
__ptext42                                   text42       002B48
__ptext43                                   text43       002BEC
__ptext44                                   text44       002C16
__ptext45                                   text45       002C20
__ptext46                                   text46       002ADA
__ptext5                                    text5        001358
__ptext6                                    text6        002620
__ptext7                                    text7        002692
__ptext8                                    text8        0029D0
__ptext9                                    text9        00237C
__ramtop                                    ramtop       000E00
__smallconst                                smallconst   000E00
_amb_blue                                   bssCOMRAM    000049
_amb_clear                                  bssCOMRAM    000047
_amb_green                                  bssCOMRAM    00004B
_amb_red                                    bssCOMRAM    00004D
_buggy_path                                 bssBANK0     0000A1
_color_click_init                           text27       00299C
_color_normalise                            text25       00202E
_color_read_Blue                            text21       0028C8
_color_read_Clear                           text20       002878
_color_read_Green                           text19       002828
_color_read_RGBC                            text17       002466
_color_read_Red                             text18       0027D8
_color_writetoaddr                          text32       002B28
_ctr                                        bssCOMRAM    00004F
_fullSpeedAhead                             text9        00237C
_initDCmotorsPWM                            text16       00252C
_interrupt_ctr                              bssCOMRAM    000051
_interrupt_flag                             bssBANK0     00009E
_lowerThreshold                             bssBANK0     00009C
_main                                       text0        001D46
_motorLinit                                 text15       00276E
_motorRinit                                 text14       002704
_motor_response                             text5        001358
_motor_retrace                              text3        000E18
_motor_return                               bssBANK0     0000A0
_norm_stop                                  text8        0029D0
_persistence_register                       text2        002BC8
_reverse                                    text4        002284
_setMotorPWM                                text10       001EC2
_tricolorLED                                text1        002B9C
_turnLeft                                   text7        002692
_turnRight                                  text6        002620
_upperThreshold                             dataBANK0    0000F0
btemp                                       temp         000057
color_normalise@RGBC                        cstackCOMRAM 000022
color_read_Blue@tmp                         cstackCOMRAM 000012
color_read_Clear@tmp                        cstackCOMRAM 000012
color_read_Green@tmp                        cstackCOMRAM 000012
color_read_RGBC@temp                        cstackCOMRAM 000022
color_read_Red@tmp                          cstackCOMRAM 000012
color_writetoaddr@address                   cstackCOMRAM 00000C
color_writetoaddr@value                     cstackCOMRAM 00000B
end_of_initialization                       cinit        002948
fullSpeedAhead@mL                           cstackCOMRAM 00001C
fullSpeedAhead@mR                           cstackCOMRAM 00001E
i2Color_Interrupts_threshold@lowerThreshold cstackCOMRAM 000007
i2Color_Interrupts_threshold@upperThreshold cstackCOMRAM 000005
i2I2C_2_Master_Write@data_byte              cstackCOMRAM 000002
i2_Color_Interrupts_init                    text41       002B82
i2_Color_Interrupts_threshold               text40       002A88
i2_I2C_2_Master_Idle                        text46       002ADA
i2_I2C_2_Master_Start                       text45       002C20
i2_I2C_2_Master_Stop                        text44       002C16
i2_I2C_2_Master_Write                       text43       002BEC
i2_color_writetoaddr                        text42       002B48
i2_persistence_register                     text39       002BE0
i2color_writetoaddr@address                 cstackCOMRAM 000004
i2color_writetoaddr@value                   cstackCOMRAM 000003
initDCmotorsPWM@PWMperiod                   cstackCOMRAM 000009
int$flags                                   temp         000057
intlevel0                                   text         000000
intlevel1                                   text         000000
intlevel2                                   text         000000
intlevel3                                   text         000000
isa$std                                     (abs)        000001
isa$xinst                                   (abs)        000000
main@RGBC                                   cstackBANK0  0000BE
main@mL                                     cstackBANK0  0000DE
main@mR                                     cstackBANK0  0000E7
motorLinit@mL                               cstackCOMRAM 000009
motorRinit@mR                               cstackCOMRAM 000009
motor_response@j                            cstackCOMRAM 000029
motor_response@j_502                        cstackCOMRAM 00002B
motor_response@j_503                        cstackCOMRAM 00002D
motor_response@j_504                        cstackCOMRAM 00002F
motor_response@mL                           cstackCOMRAM 000023
motor_response@mR                           cstackCOMRAM 000025
motor_response@temp                         cstackCOMRAM 000021
motor_retrace@buggy_path                    cstackCOMRAM 000021
motor_retrace@j                             cstackBANK0  0000B0
motor_retrace@j_510                         cstackBANK0  0000B2
motor_retrace@j_511                         cstackBANK0  0000B4
motor_retrace@j_512                         cstackBANK0  0000B6
motor_retrace@j_513                         cstackBANK0  0000B8
motor_retrace@j_514                         cstackBANK0  0000BA
motor_retrace@j_515                         cstackBANK0  0000BC
motor_retrace@mL                            cstackCOMRAM 000023
motor_retrace@mR                            cstackCOMRAM 000025
norm_stop@mL                                cstackCOMRAM 00001C
norm_stop@mR                                cstackCOMRAM 00001E
reverse@mL                                  cstackCOMRAM 00001C
reverse@mR                                  cstackCOMRAM 00001E
setMotorPWM@m                               cstackCOMRAM 000016
setMotorPWM@negDuty                         cstackCOMRAM 00001B
setMotorPWM@posDuty                         cstackCOMRAM 00001A
stackhi                                     (abs)        000000
stacklo                                     (abs)        000000
start                                       init         000032
start_initialization                        cinit        002918
ttemp5                                      temp         000058
ttemp6                                      temp         00005B
ttemp7                                      temp         00005F
turnLeft@mL                                 cstackCOMRAM 00001C
turnLeft@mR                                 cstackCOMRAM 00001E
turnRight@mL                                cstackCOMRAM 00001C
turnRight@mR                                cstackCOMRAM 00001E
wtemp8                                      temp         000058


MODULE INFORMATION

Module		Function		Class		Link	Load	Size
C:\Program Files\Microchip\xc8\v2.40\pic\sources\c99\common\sprcdiv.c
		___fldiv       		CODE           	17F8	0000	922

C:\Program Files\Microchip\xc8\v2.40\pic\sources\c99\common\sprcdiv.c estimated size: 922

C:\Program Files\Microchip\xc8\v2.40\pic\sources\c99\common\lwdiv.c
		___lwdiv       		CODE           	25AC	0000	116

C:\Program Files\Microchip\xc8\v2.40\pic\sources\c99\common\lwdiv.c estimated size: 116

color.c
		_motor_retrace 		CODE           	0E18	0000	1344
		_motor_response		CODE           	1358	0000	1184
		_color_writetoaddr		CODE           	2B28	0000	32
		_color_normalise		CODE           	202E	0000	338
		_color_click_init		CODE           	299C	0000	52
		_tricolorLED   		CODE           	2B9C	0000	22
		_color_read_Green		CODE           	2828	0000	80
		_color_read_Clear		CODE           	2878	0000	80
		_color_read_Red		CODE           	27D8	0000	80
		_color_read_RGBC		CODE           	2466	0000	198
		_color_read_Blue		CODE           	28C8	0000	80

color.c estimated size: 3490

C:\Program Files\Microchip\xc8\v2.40\pic\sources\c99\common\Umul16.c
		___wmul        		CODE           	2B02	0000	38

C:\Program Files\Microchip\xc8\v2.40\pic\sources\c99\common\Umul16.c estimated size: 38

interrupts.c
		_Color_Interrupts_init		CODE           	2B68	0000	26
		_Color_Interrupts_threshold		CODE           	2A5E	0000	42
		_Color_Interrupts_clear		CODE           	2A02	0000	50
		_persistence_register		CODE           	2BC8	0000	12
		_Interrupts_init		CODE           	2BB2	0000	22
		_HighISR       		CODE           	0008	0000	42

interrupts.c estimated size: 194

dc_motor.c
		_fullSpeedAhead		CODE           	237C	0000	234
		_motorLinit    		CODE           	276E	0000	106
		_turnLeft      		CODE           	2692	0000	114
		_motorRinit    		CODE           	2704	0000	106
		_initDCmotorsPWM		CODE           	252C	0000	128
		_turnRight     		CODE           	2620	0000	114
		_setMotorPWM   		CODE           	1EC2	0000	364
		_norm_stop     		CODE           	29D0	0000	50
		_reverse       		CODE           	2284	0000	248

dc_motor.c estimated size: 1464

i2c.c
		_I2C_2_Master_Start		CODE           	2C0C	0000	10
		_I2C_2_Master_Read		CODE           	295A	0000	66
		_I2C_2_Master_Idle		CODE           	2AB2	0000	40
		_I2C_2_Master_Init		CODE           	2A34	0000	42
		_I2C_2_Master_Stop		CODE           	2C02	0000	10
		_I2C_2_Master_RepStart		CODE           	2BF8	0000	10
		_I2C_2_Master_Write		CODE           	2BD4	0000	12

i2c.c estimated size: 190

C:\Program Files\Microchip\xc8\v2.40\pic\sources\c99\common\xxtofl.c
		___xxtofl      		CODE           	1B92	0000	436

C:\Program Files\Microchip\xc8\v2.40\pic\sources\c99\common\xxtofl.c estimated size: 436

shared
		i2_I2C_2_Master_Stop		CODE           	2C16	0000	10
		i2_Color_Interrupts_init		CODE           	2B82	0000	26
		i2_I2C_2_Master_Idle		CODE           	2ADA	0000	40
		__initialization		CODE           	2918	0000	48
		i2_persistence_register		CODE           	2BE0	0000	12
		i2_I2C_2_Master_Write		CODE           	2BEC	0000	12
		i2_color_writetoaddr		CODE           	2B48	0000	32
		i2_I2C_2_Master_Start		CODE           	2C20	0000	10
		i2_Color_Interrupts_threshold		CODE           	2A88	0000	42

shared estimated size: 232

C:\Program Files\Microchip\xc8\v2.40\pic\sources\c99\common\flge.c
		___flge        		CODE           	2180	0000	260

C:\Program Files\Microchip\xc8\v2.40\pic\sources\c99\common\flge.c estimated size: 260

main.c
		_main          		CODE           	1D46	0000	380

main.c estimated size: 380

